Archive member included to satisfy reference by file (symbol)

/home/eric/st/stm32cubeide_1.11.0/plugins/com.st.stm32cube.ide.mcu.externaltools.gnu-tools-for-stm32.10.3-2021.10.linux64_1.0.100.202210260954/tools/bin/../lib/gcc/arm-none-eabi/10.3.1/../../../../arm-none-eabi/lib/thumb/v7e-m+fp/hard/libc_nano.a(lib_a-errno.o)
                              ./Core/Src/syscalls.o (__errno)
/home/eric/st/stm32cubeide_1.11.0/plugins/com.st.stm32cube.ide.mcu.externaltools.gnu-tools-for-stm32.10.3-2021.10.linux64_1.0.100.202210260954/tools/bin/../lib/gcc/arm-none-eabi/10.3.1/../../../../arm-none-eabi/lib/thumb/v7e-m+fp/hard/libc_nano.a(lib_a-exit.o)
                              /home/eric/st/stm32cubeide_1.11.0/plugins/com.st.stm32cube.ide.mcu.externaltools.gnu-tools-for-stm32.10.3-2021.10.linux64_1.0.100.202210260954/tools/bin/../lib/gcc/arm-none-eabi/10.3.1/../../../../arm-none-eabi/lib/thumb/v7e-m+fp/hard/crt0.o (exit)
/home/eric/st/stm32cubeide_1.11.0/plugins/com.st.stm32cube.ide.mcu.externaltools.gnu-tools-for-stm32.10.3-2021.10.linux64_1.0.100.202210260954/tools/bin/../lib/gcc/arm-none-eabi/10.3.1/../../../../arm-none-eabi/lib/thumb/v7e-m+fp/hard/libc_nano.a(lib_a-impure.o)
                              /home/eric/st/stm32cubeide_1.11.0/plugins/com.st.stm32cube.ide.mcu.externaltools.gnu-tools-for-stm32.10.3-2021.10.linux64_1.0.100.202210260954/tools/bin/../lib/gcc/arm-none-eabi/10.3.1/../../../../arm-none-eabi/lib/thumb/v7e-m+fp/hard/libc_nano.a(lib_a-exit.o) (_global_impure_ptr)
/home/eric/st/stm32cubeide_1.11.0/plugins/com.st.stm32cube.ide.mcu.externaltools.gnu-tools-for-stm32.10.3-2021.10.linux64_1.0.100.202210260954/tools/bin/../lib/gcc/arm-none-eabi/10.3.1/../../../../arm-none-eabi/lib/thumb/v7e-m+fp/hard/libc_nano.a(lib_a-init.o)
                              /home/eric/st/stm32cubeide_1.11.0/plugins/com.st.stm32cube.ide.mcu.externaltools.gnu-tools-for-stm32.10.3-2021.10.linux64_1.0.100.202210260954/tools/bin/../lib/gcc/arm-none-eabi/10.3.1/../../../../arm-none-eabi/lib/thumb/v7e-m+fp/hard/crt0.o (__libc_init_array)
/home/eric/st/stm32cubeide_1.11.0/plugins/com.st.stm32cube.ide.mcu.externaltools.gnu-tools-for-stm32.10.3-2021.10.linux64_1.0.100.202210260954/tools/bin/../lib/gcc/arm-none-eabi/10.3.1/../../../../arm-none-eabi/lib/thumb/v7e-m+fp/hard/libc_nano.a(lib_a-memset.o)
                              /home/eric/st/stm32cubeide_1.11.0/plugins/com.st.stm32cube.ide.mcu.externaltools.gnu-tools-for-stm32.10.3-2021.10.linux64_1.0.100.202210260954/tools/bin/../lib/gcc/arm-none-eabi/10.3.1/../../../../arm-none-eabi/lib/thumb/v7e-m+fp/hard/crt0.o (memset)
/home/eric/st/stm32cubeide_1.11.0/plugins/com.st.stm32cube.ide.mcu.externaltools.gnu-tools-for-stm32.10.3-2021.10.linux64_1.0.100.202210260954/tools/bin/../lib/gcc/arm-none-eabi/10.3.1/thumb/v7e-m+fp/hard/libgcc.a(_aeabi_uldivmod.o)
                              ./Drivers/STM32L4xx_HAL_Driver/Src/stm32l4xx_hal_uart.o (__aeabi_uldivmod)
/home/eric/st/stm32cubeide_1.11.0/plugins/com.st.stm32cube.ide.mcu.externaltools.gnu-tools-for-stm32.10.3-2021.10.linux64_1.0.100.202210260954/tools/bin/../lib/gcc/arm-none-eabi/10.3.1/thumb/v7e-m+fp/hard/libgcc.a(_udivmoddi4.o)
                              /home/eric/st/stm32cubeide_1.11.0/plugins/com.st.stm32cube.ide.mcu.externaltools.gnu-tools-for-stm32.10.3-2021.10.linux64_1.0.100.202210260954/tools/bin/../lib/gcc/arm-none-eabi/10.3.1/thumb/v7e-m+fp/hard/libgcc.a(_aeabi_uldivmod.o) (__udivmoddi4)
/home/eric/st/stm32cubeide_1.11.0/plugins/com.st.stm32cube.ide.mcu.externaltools.gnu-tools-for-stm32.10.3-2021.10.linux64_1.0.100.202210260954/tools/bin/../lib/gcc/arm-none-eabi/10.3.1/thumb/v7e-m+fp/hard/libgcc.a(_dvmd_tls.o)
                              /home/eric/st/stm32cubeide_1.11.0/plugins/com.st.stm32cube.ide.mcu.externaltools.gnu-tools-for-stm32.10.3-2021.10.linux64_1.0.100.202210260954/tools/bin/../lib/gcc/arm-none-eabi/10.3.1/thumb/v7e-m+fp/hard/libgcc.a(_aeabi_uldivmod.o) (__aeabi_ldiv0)

Discarded input sections

 .text          0x0000000000000000        0x0 /home/eric/st/stm32cubeide_1.11.0/plugins/com.st.stm32cube.ide.mcu.externaltools.gnu-tools-for-stm32.10.3-2021.10.linux64_1.0.100.202210260954/tools/bin/../lib/gcc/arm-none-eabi/10.3.1/thumb/v7e-m+fp/hard/crti.o
 .data          0x0000000000000000        0x0 /home/eric/st/stm32cubeide_1.11.0/plugins/com.st.stm32cube.ide.mcu.externaltools.gnu-tools-for-stm32.10.3-2021.10.linux64_1.0.100.202210260954/tools/bin/../lib/gcc/arm-none-eabi/10.3.1/thumb/v7e-m+fp/hard/crti.o
 .bss           0x0000000000000000        0x0 /home/eric/st/stm32cubeide_1.11.0/plugins/com.st.stm32cube.ide.mcu.externaltools.gnu-tools-for-stm32.10.3-2021.10.linux64_1.0.100.202210260954/tools/bin/../lib/gcc/arm-none-eabi/10.3.1/thumb/v7e-m+fp/hard/crti.o
[...]
Memory Configuration

Name             Origin             Length             Attributes
RAM              0x0000000020000000 0x00000000000a0000 xrw
RAM2             0x0000000010000000 0x0000000000010000 xrw
RAM3             0x0000000020040000 0x0000000000060000 xrw
FLASH            0x0000000008000000 0x0000000000200000 xr
*default*        0x0000000000000000 0xffffffffffffffff

Linker script and memory map

LOAD /home/eric/st/stm32cubeide_1.11.0/plugins/com.st.stm32cube.ide.mcu.externaltools.gnu-tools-for-stm32.10.3-2021.10.linux64_1.0.100.202210260954/tools/bin/../lib/gcc/arm-none-eabi/10.3.1/thumb/v7e-m+fp/hard/crti.o
LOAD /home/eric/st/stm32cubeide_1.11.0/plugins/com.st.stm32cube.ide.mcu.externaltools.gnu-tools-for-stm32.10.3-2021.10.linux64_1.0.100.202210260954/tools/bin/../lib/gcc/arm-none-eabi/10.3.1/thumb/v7e-m+fp/hard/crtbegin.o
LOAD /home/eric/st/stm32cubeide_1.11.0/plugins/com.st.stm32cube.ide.mcu.externaltools.gnu-tools-for-stm32.10.3-2021.10.linux64_1.0.100.202210260954/tools/bin/../lib/gcc/arm-none-eabi/10.3.1/../../../../arm-none-eabi/lib/thumb/v7e-m+fp/hard/crt0.o
LOAD ./Core/Src/central_control.o
LOAD ./Core/Src/main.o
LOAD ./Core/Src/motor_control.o
LOAD ./Core/Src/rotor_control.o
LOAD ./Core/Src/stm32l4xx_hal_msp.o
LOAD ./Core/Src/stm32l4xx_it.o
LOAD ./Core/Src/syscalls.o
LOAD ./Core/Src/sysmem.o
LOAD ./Core/Src/system_stm32l4xx.o
LOAD ./Core/Startup/startup_stm32l4r5zitxp.o
LOAD ./Drivers/STM32L4xx_HAL_Driver/Src/stm32l4xx_hal.o
LOAD ./Drivers/STM32L4xx_HAL_Driver/Src/stm32l4xx_hal_adc.o
LOAD ./Drivers/STM32L4xx_HAL_Driver/Src/stm32l4xx_hal_adc_ex.o
LOAD ./Drivers/STM32L4xx_HAL_Driver/Src/stm32l4xx_hal_can.o
LOAD ./Drivers/STM32L4xx_HAL_Driver/Src/stm32l4xx_hal_comp.o
LOAD ./Drivers/STM32L4xx_HAL_Driver/Src/stm32l4xx_hal_cortex.o
LOAD ./Drivers/STM32L4xx_HAL_Driver/Src/stm32l4xx_hal_dma.o
LOAD ./Drivers/STM32L4xx_HAL_Driver/Src/stm32l4xx_hal_dma_ex.o
LOAD ./Drivers/STM32L4xx_HAL_Driver/Src/stm32l4xx_hal_exti.o
LOAD ./Drivers/STM32L4xx_HAL_Driver/Src/stm32l4xx_hal_flash.o
LOAD ./Drivers/STM32L4xx_HAL_Driver/Src/stm32l4xx_hal_flash_ex.o
LOAD ./Drivers/STM32L4xx_HAL_Driver/Src/stm32l4xx_hal_flash_ramfunc.o
LOAD ./Drivers/STM32L4xx_HAL_Driver/Src/stm32l4xx_hal_gpio.o
LOAD ./Drivers/STM32L4xx_HAL_Driver/Src/stm32l4xx_hal_i2c.o
LOAD ./Drivers/STM32L4xx_HAL_Driver/Src/stm32l4xx_hal_i2c_ex.o
LOAD ./Drivers/STM32L4xx_HAL_Driver/Src/stm32l4xx_hal_pwr.o
LOAD ./Drivers/STM32L4xx_HAL_Driver/Src/stm32l4xx_hal_pwr_ex.o
LOAD ./Drivers/STM32L4xx_HAL_Driver/Src/stm32l4xx_hal_rcc.o
LOAD ./Drivers/STM32L4xx_HAL_Driver/Src/stm32l4xx_hal_rcc_ex.o
LOAD ./Drivers/STM32L4xx_HAL_Driver/Src/stm32l4xx_hal_sai.o
LOAD ./Drivers/STM32L4xx_HAL_Driver/Src/stm32l4xx_hal_sai_ex.o
LOAD ./Drivers/STM32L4xx_HAL_Driver/Src/stm32l4xx_hal_smbus.o
LOAD ./Drivers/STM32L4xx_HAL_Driver/Src/stm32l4xx_hal_smbus_ex.o
LOAD ./Drivers/STM32L4xx_HAL_Driver/Src/stm32l4xx_hal_spi.o
LOAD ./Drivers/STM32L4xx_HAL_Driver/Src/stm32l4xx_hal_spi_ex.o
LOAD ./Drivers/STM32L4xx_HAL_Driver/Src/stm32l4xx_hal_tim.o
LOAD ./Drivers/STM32L4xx_HAL_Driver/Src/stm32l4xx_hal_tim_ex.o
LOAD ./Drivers/STM32L4xx_HAL_Driver/Src/stm32l4xx_hal_uart.o
LOAD ./Drivers/STM32L4xx_HAL_Driver/Src/stm32l4xx_hal_uart_ex.o
START GROUP
LOAD /home/eric/st/stm32cubeide_1.11.0/plugins/com.st.stm32cube.ide.mcu.externaltools.gnu-tools-for-stm32.10.3-2021.10.linux64_1.0.100.202210260954/tools/bin/../lib/gcc/arm-none-eabi/10.3.1/../../../../arm-none-eabi/lib/thumb/v7e-m+fp/hard/libc_nano.a
LOAD /home/eric/st/stm32cubeide_1.11.0/plugins/com.st.stm32cube.ide.mcu.externaltools.gnu-tools-for-stm32.10.3-2021.10.linux64_1.0.100.202210260954/tools/bin/../lib/gcc/arm-none-eabi/10.3.1/../../../../arm-none-eabi/lib/thumb/v7e-m+fp/hard/libm.a
END GROUP
START GROUP
LOAD /home/eric/st/stm32cubeide_1.11.0/plugins/com.st.stm32cube.ide.mcu.externaltools.gnu-tools-for-stm32.10.3-2021.10.linux64_1.0.100.202210260954/tools/bin/../lib/gcc/arm-none-eabi/10.3.1/thumb/v7e-m+fp/hard/libgcc.a
LOAD /home/eric/st/stm32cubeide_1.11.0/plugins/com.st.stm32cube.ide.mcu.externaltools.gnu-tools-for-stm32.10.3-2021.10.linux64_1.0.100.202210260954/tools/bin/../lib/gcc/arm-none-eabi/10.3.1/../../../../arm-none-eabi/lib/thumb/v7e-m+fp/hard/libc_nano.a
END GROUP
START GROUP
LOAD /home/eric/st/stm32cubeide_1.11.0/plugins/com.st.stm32cube.ide.mcu.externaltools.gnu-tools-for-stm32.10.3-2021.10.linux64_1.0.100.202210260954/tools/bin/../lib/gcc/arm-none-eabi/10.3.1/thumb/v7e-m+fp/hard/libgcc.a
LOAD /home/eric/st/stm32cubeide_1.11.0/plugins/com.st.stm32cube.ide.mcu.externaltools.gnu-tools-for-stm32.10.3-2021.10.linux64_1.0.100.202210260954/tools/bin/../lib/gcc/arm-none-eabi/10.3.1/../../../../arm-none-eabi/lib/thumb/v7e-m+fp/hard/libc_nano.a
LOAD /home/eric/st/stm32cubeide_1.11.0/plugins/com.st.stm32cube.ide.mcu.externaltools.gnu-tools-for-stm32.10.3-2021.10.linux64_1.0.100.202210260954/tools/bin/../lib/gcc/arm-none-eabi/10.3.1/../../../../arm-none-eabi/lib/thumb/v7e-m+fp/hard/libnosys.a
END GROUP
START GROUP
LOAD /home/eric/st/stm32cubeide_1.11.0/plugins/com.st.stm32cube.ide.mcu.externaltools.gnu-tools-for-stm32.10.3-2021.10.linux64_1.0.100.202210260954/tools/bin/../lib/gcc/arm-none-eabi/10.3.1/thumb/v7e-m+fp/hard/libgcc.a
LOAD /home/eric/st/stm32cubeide_1.11.0/plugins/com.st.stm32cube.ide.mcu.externaltools.gnu-tools-for-stm32.10.3-2021.10.linux64_1.0.100.202210260954/tools/bin/../lib/gcc/arm-none-eabi/10.3.1/../../../../arm-none-eabi/lib/thumb/v7e-m+fp/hard/libc_nano.a
LOAD /home/eric/st/stm32cubeide_1.11.0/plugins/com.st.stm32cube.ide.mcu.externaltools.gnu-tools-for-stm32.10.3-2021.10.linux64_1.0.100.202210260954/tools/bin/../lib/gcc/arm-none-eabi/10.3.1/../../../../arm-none-eabi/lib/thumb/v7e-m+fp/hard/libnosys.a
END GROUP
LOAD /home/eric/st/stm32cubeide_1.11.0/plugins/com.st.stm32cube.ide.mcu.externaltools.gnu-tools-for-stm32.10.3-2021.10.linux64_1.0.100.202210260954/tools/bin/../lib/gcc/arm-none-eabi/10.3.1/thumb/v7e-m+fp/hard/crtend.o
LOAD /home/eric/st/stm32cubeide_1.11.0/plugins/com.st.stm32cube.ide.mcu.externaltools.gnu-tools-for-stm32.10.3-2021.10.linux64_1.0.100.202210260954/tools/bin/../lib/gcc/arm-none-eabi/10.3.1/thumb/v7e-m+fp/hard/crtn.o
                0x00000000200a0000                _estack = (ORIGIN (RAM) + LENGTH (RAM))
                0x0000000000000200                _Min_Heap_Size = 0x200
                0x0000000000000400                _Min_Stack_Size = 0x400

.isr_vector     0x0000000008000000      0x1bc
                0x0000000008000000                . = ALIGN (0x4)
 *(.isr_vector)
 .isr_vector    0x0000000008000000      0x1bc ./Core/Startup/startup_stm32l4r5zitxp.o
                0x0000000008000000                g_pfnVectors
                0x00000000080001bc                . = ALIGN (0x4)

.text           0x00000000080001bc     0x9a5c
                0x00000000080001bc                . = ALIGN (0x4)
 *(.text)
 .text          0x00000000080001bc       0x40 /home/eric/st/stm32cubeide_1.11.0/plugins/com.st.stm32cube.ide.mcu.externaltools.gnu-tools-for-stm32.10.3-2021.10.linux64_1.0.100.202210260954/tools/bin/../lib/gcc/arm-none-eabi/10.3.1/thumb/v7e-m+fp/hard/crtbegin.o
 .text          0x00000000080001fc       0x30 /home/eric/st/stm32cubeide_1.11.0/plugins/com.st.stm32cube.ide.mcu.externaltools.gnu-tools-for-stm32.10.3-2021.10.linux64_1.0.100.202210260954/tools/bin/../lib/gcc/arm-none-eabi/10.3.1/thumb/v7e-m+fp/hard/libgcc.a(_aeabi_uldivmod.o)
                0x00000000080001fc                __aeabi_uldivmod
 .text          0x000000000800022c      0x2d0 /home/eric/st/stm32cubeide_1.11.0/plugins/com.st.stm32cube.ide.mcu.externaltools.gnu-tools-for-stm32.10.3-2021.10.linux64_1.0.100.202210260954/tools/bin/../lib/gcc/arm-none-eabi/10.3.1/thumb/v7e-m+fp/hard/libgcc.a(_udivmoddi4.o)
                0x000000000800022c                __udivmoddi4
 .text          0x00000000080004fc        0x4 /home/eric/st/stm32cubeide_1.11.0/plugins/com.st.stm32cube.ide.mcu.externaltools.gnu-tools-for-stm32.10.3-2021.10.linux64_1.0.100.202210260954/tools/bin/../lib/gcc/arm-none-eabi/10.3.1/thumb/v7e-m+fp/hard/libgcc.a(_dvmd_tls.o)
                0x00000000080004fc                __aeabi_ldiv0
                0x00000000080004fc                __aeabi_idiv0
 *(.text*)
 .text.state_update
                0x0000000008000500      0x1cc ./Core/Src/central_control.o
                0x0000000008000500                state_update
 .text.execute  0x00000000080006cc       0x38 ./Core/Src/central_control.o
                0x00000000080006cc                execute
 .text.main     0x0000000008000704       0x8c ./Core/Src/main.o
                0x0000000008000704                main
 .text.SystemClock_Config
                0x0000000008000790       0xc4 ./Core/Src/main.o
                0x0000000008000790                SystemClock_Config
 .text.PeriphCommonClock_Config
                0x0000000008000854       0x68 ./Core/Src/main.o
                0x0000000008000854                PeriphCommonClock_Config
 .text.MX_ADC1_Init
                0x00000000080008bc       0xc8 ./Core/Src/main.o
 .text.MX_CAN1_Init
                0x0000000008000984       0x68 ./Core/Src/main.o
 .text.MX_COMP1_Init
                0x00000000080009ec       0x5c ./Core/Src/main.o
 .text.MX_COMP2_Init
                0x0000000008000a48       0x58 ./Core/Src/main.o
 .text.MX_I2C1_SMBUS_Init
                0x0000000008000aa0       0x74 ./Core/Src/main.o
 .text.MX_I2C2_SMBUS_Init
                0x0000000008000b14       0x84 ./Core/Src/main.o
 .text.MX_LPUART1_UART_Init
                0x0000000008000b98       0x9c ./Core/Src/main.o
 .text.MX_USART2_UART_Init
                0x0000000008000c34       0x9c ./Core/Src/main.o
 .text.MX_USART3_UART_Init
                0x0000000008000cd0       0x98 ./Core/Src/main.o
 .text.MX_SAI1_Init
                0x0000000008000d68      0x130 ./Core/Src/main.o
 .text.MX_SAI2_Init
                0x0000000008000e98       0xd0 ./Core/Src/main.o
 .text.MX_SPI1_Init
                0x0000000008000f68       0x7c ./Core/Src/main.o
 .text.MX_SPI3_Init
                0x0000000008000fe4       0x7c ./Core/Src/main.o
 .text.MX_TIM1_Init
                0x0000000008001060      0x1d0 ./Core/Src/main.o
 .text.MX_TIM2_Init
                0x0000000008001230      0x104 ./Core/Src/main.o
 .text.MX_TIM3_Init
                0x0000000008001334       0xe4 ./Core/Src/main.o
 .text.MX_TIM4_Init
                0x0000000008001418      0x104 ./Core/Src/main.o
 .text.MX_TIM15_Init
                0x000000000800151c      0x108 ./Core/Src/main.o
 .text.MX_USB_OTG_FS_USB_Init
                0x0000000008001624        0xe ./Core/Src/main.o
 *fill*         0x0000000008001632        0x2 
 .text.MX_GPIO_Init
                0x0000000008001634      0x19c ./Core/Src/main.o
 .text.Error_Handler
                0x00000000080017d0        0xa ./Core/Src/main.o
                0x00000000080017d0                Error_Handler
 *fill*         0x00000000080017da        0x2 
 .text.HAL_MspInit
                0x00000000080017dc       0x48 ./Core/Src/stm32l4xx_hal_msp.o
                0x00000000080017dc                HAL_MspInit
 .text.HAL_ADC_MspInit
                0x0000000008001824       0xe4 ./Core/Src/stm32l4xx_hal_msp.o
                0x0000000008001824                HAL_ADC_MspInit
 .text.HAL_CAN_MspInit
                0x0000000008001908       0x88 ./Core/Src/stm32l4xx_hal_msp.o
                0x0000000008001908                HAL_CAN_MspInit
 .text.HAL_COMP_MspInit
                0x0000000008001990       0xa8 ./Core/Src/stm32l4xx_hal_msp.o
                0x0000000008001990                HAL_COMP_MspInit
 .text.HAL_SMBUS_MspInit
                0x0000000008001a38      0x148 ./Core/Src/stm32l4xx_hal_msp.o
                0x0000000008001a38                HAL_SMBUS_MspInit
 .text.HAL_UART_MspInit
                0x0000000008001b80      0x1d4 ./Core/Src/stm32l4xx_hal_msp.o
                0x0000000008001b80                HAL_UART_MspInit
 .text.HAL_SPI_MspInit
                0x0000000008001d54       0xe8 ./Core/Src/stm32l4xx_hal_msp.o
                0x0000000008001d54                HAL_SPI_MspInit
 .text.HAL_TIM_PWM_MspInit
                0x0000000008001e3c      0x104 ./Core/Src/stm32l4xx_hal_msp.o
                0x0000000008001e3c                HAL_TIM_PWM_MspInit
 .text.HAL_TIM_Base_MspInit
                0x0000000008001f40      0x120 ./Core/Src/stm32l4xx_hal_msp.o
                0x0000000008001f40                HAL_TIM_Base_MspInit
 .text.HAL_TIM_MspPostInit
                0x0000000008002060      0x18c ./Core/Src/stm32l4xx_hal_msp.o
                0x0000000008002060                HAL_TIM_MspPostInit
 .text.HAL_SAI_MspInit
                0x00000000080021ec      0x178 ./Core/Src/stm32l4xx_hal_msp.o
                0x00000000080021ec                HAL_SAI_MspInit
 .text.NMI_Handler
                0x0000000008002364        0x6 ./Core/Src/stm32l4xx_it.o
                0x0000000008002364                NMI_Handler
 .text.HardFault_Handler
                0x000000000800236a        0x6 ./Core/Src/stm32l4xx_it.o
                0x000000000800236a                HardFault_Handler
 .text.MemManage_Handler
                0x0000000008002370        0x6 ./Core/Src/stm32l4xx_it.o
                0x0000000008002370                MemManage_Handler
 .text.BusFault_Handler
                0x0000000008002376        0x6 ./Core/Src/stm32l4xx_it.o
                0x0000000008002376                BusFault_Handler
 .text.UsageFault_Handler
                0x000000000800237c        0x6 ./Core/Src/stm32l4xx_it.o
                0x000000000800237c                UsageFault_Handler
 .text.SVC_Handler
                0x0000000008002382        0xe ./Core/Src/stm32l4xx_it.o
                0x0000000008002382                SVC_Handler
 .text.DebugMon_Handler
                0x0000000008002390        0xe ./Core/Src/stm32l4xx_it.o
                0x0000000008002390                DebugMon_Handler
 .text.PendSV_Handler
                0x000000000800239e        0xe ./Core/Src/stm32l4xx_it.o
                0x000000000800239e                PendSV_Handler
 .text.SysTick_Handler
                0x00000000080023ac        0xc ./Core/Src/stm32l4xx_it.o
                0x00000000080023ac                SysTick_Handler
 .text.TIM1_CC_IRQHandler
                0x00000000080023b8       0x14 ./Core/Src/stm32l4xx_it.o
                0x00000000080023b8                TIM1_CC_IRQHandler
 .text.TIM3_IRQHandler
                0x00000000080023cc       0xa4 ./Core/Src/stm32l4xx_it.o
                0x00000000080023cc                TIM3_IRQHandler
 .text.SystemInit
                0x0000000008002470       0x24 ./Core/Src/system_stm32l4xx.o
                0x0000000008002470                SystemInit
 .text.Reset_Handler
                0x0000000008002494       0x50 ./Core/Startup/startup_stm32l4r5zitxp.o
                0x0000000008002494                Reset_Handler
 .text.Default_Handler
                0x00000000080024e4        0x2 ./Core/Startup/startup_stm32l4r5zitxp.o
                0x00000000080024e4                RTC_Alarm_IRQHandler
                0x00000000080024e4                EXTI2_IRQHandler
                0x00000000080024e4                TIM8_TRG_COM_IRQHandler
                0x00000000080024e4                TIM8_CC_IRQHandler
                0x00000000080024e4                TSC_IRQHandler
                0x00000000080024e4                TAMP_STAMP_IRQHandler
                0x00000000080024e4                EXTI3_IRQHandler
                0x00000000080024e4                LPTIM2_IRQHandler
                0x00000000080024e4                DFSDM1_FLT1_IRQHandler
                0x00000000080024e4                GFXMMU_IRQHandler
                0x00000000080024e4                I2C3_ER_IRQHandler
                0x00000000080024e4                DFSDM1_FLT2_IRQHandler
                0x00000000080024e4                EXTI0_IRQHandler
                0x00000000080024e4                I2C2_EV_IRQHandler
                0x00000000080024e4                CAN1_RX0_IRQHandler
                0x00000000080024e4                FPU_IRQHandler
                0x00000000080024e4                TIM1_UP_TIM16_IRQHandler
                0x00000000080024e4                LTDC_ER_IRQHandler
                0x00000000080024e4                SPI1_IRQHandler
                0x00000000080024e4                OCTOSPI1_IRQHandler
                0x00000000080024e4                TIM6_DAC_IRQHandler
                0x00000000080024e4                DCMI_IRQHandler
                0x00000000080024e4                TIM8_UP_IRQHandler
                0x00000000080024e4                OCTOSPI2_IRQHandler
                0x00000000080024e4                DMA2_Channel2_IRQHandler
                0x00000000080024e4                DMA1_Channel4_IRQHandler
                0x00000000080024e4                SAI2_IRQHandler
                0x00000000080024e4                ADC1_IRQHandler
                0x00000000080024e4                DFSDM1_FLT3_IRQHandler
                0x00000000080024e4                USART3_IRQHandler
                0x00000000080024e4                DMA1_Channel7_IRQHandler
                0x00000000080024e4                CAN1_RX1_IRQHandler
                0x00000000080024e4                UART5_IRQHandler
                0x00000000080024e4                TIM4_IRQHandler
                0x00000000080024e4                DMA2_Channel1_IRQHandler
                0x00000000080024e4                I2C1_EV_IRQHandler
                0x00000000080024e4                DMAMUX1_OVR_IRQHandler
                0x00000000080024e4                DMA1_Channel6_IRQHandler
                0x00000000080024e4                UART4_IRQHandler
                0x00000000080024e4                DMA2_Channel4_IRQHandler
                0x00000000080024e4                RCC_IRQHandler
                0x00000000080024e4                DMA1_Channel1_IRQHandler
                0x00000000080024e4                Default_Handler
                0x00000000080024e4                DMA2_Channel7_IRQHandler
                0x00000000080024e4                EXTI15_10_IRQHandler
                0x00000000080024e4                TIM7_IRQHandler
                0x00000000080024e4                SDMMC1_IRQHandler
                0x00000000080024e4                TIM5_IRQHandler
                0x00000000080024e4                I2C3_EV_IRQHandler
                0x00000000080024e4                EXTI9_5_IRQHandler
                0x00000000080024e4                RTC_WKUP_IRQHandler
                0x00000000080024e4                LTDC_IRQHandler
                0x00000000080024e4                PVD_PVM_IRQHandler
                0x00000000080024e4                SPI2_IRQHandler
                0x00000000080024e4                CAN1_TX_IRQHandler
                0x00000000080024e4                DMA2_Channel5_IRQHandler
                0x00000000080024e4                CRS_IRQHandler
                0x00000000080024e4                DMA1_Channel5_IRQHandler
                0x00000000080024e4                EXTI4_IRQHandler
                0x00000000080024e4                RNG_IRQHandler
                0x00000000080024e4                TIM1_TRG_COM_TIM17_IRQHandler
                0x00000000080024e4                DMA1_Channel3_IRQHandler
                0x00000000080024e4                COMP_IRQHandler
                0x00000000080024e4                WWDG_IRQHandler
                0x00000000080024e4                I2C4_EV_IRQHandler
                0x00000000080024e4                LPUART1_IRQHandler
                0x00000000080024e4                DMA2_Channel6_IRQHandler
                0x00000000080024e4                TIM2_IRQHandler
                0x00000000080024e4                DMA2D_IRQHandler
                0x00000000080024e4                EXTI1_IRQHandler
                0x00000000080024e4                USART2_IRQHandler
                0x00000000080024e4                DFSDM1_FLT0_IRQHandler
                0x00000000080024e4                I2C2_ER_IRQHandler
                0x00000000080024e4                DMA1_Channel2_IRQHandler
                0x00000000080024e4                TIM8_BRK_IRQHandler
                0x00000000080024e4                CAN1_SCE_IRQHandler
                0x00000000080024e4                FLASH_IRQHandler
                0x00000000080024e4                USART1_IRQHandler
                0x00000000080024e4                OTG_FS_IRQHandler
                0x00000000080024e4                SPI3_IRQHandler
                0x00000000080024e4                I2C1_ER_IRQHandler
                0x00000000080024e4                FMC_IRQHandler
                0x00000000080024e4                LPTIM1_IRQHandler
                0x00000000080024e4                I2C4_ER_IRQHandler
                0x00000000080024e4                SAI1_IRQHandler
                0x00000000080024e4                DMA2_Channel3_IRQHandler
                0x00000000080024e4                TIM1_BRK_TIM15_IRQHandler
 .text.HAL_Init
                0x00000000080024e6       0x30 ./Drivers/STM32L4xx_HAL_Driver/Src/stm32l4xx_hal.o
                0x00000000080024e6                HAL_Init
 *fill*         0x0000000008002516        0x2 
 .text.HAL_InitTick
                0x0000000008002518       0x78 ./Drivers/STM32L4xx_HAL_Driver/Src/stm32l4xx_hal.o
                0x0000000008002518                HAL_InitTick
 .text.HAL_IncTick
                0x0000000008002590       0x28 ./Drivers/STM32L4xx_HAL_Driver/Src/stm32l4xx_hal.o
                0x0000000008002590                HAL_IncTick
 .text.HAL_GetTick
                0x00000000080025b8       0x18 ./Drivers/STM32L4xx_HAL_Driver/Src/stm32l4xx_hal.o
                0x00000000080025b8                HAL_GetTick
 .text.LL_ADC_SetCommonClock
                0x00000000080025d0       0x26 ./Drivers/STM32L4xx_HAL_Driver/Src/stm32l4xx_hal_adc.o
 .text.LL_ADC_SetCommonPathInternalCh
                0x00000000080025f6       0x26 ./Drivers/STM32L4xx_HAL_Driver/Src/stm32l4xx_hal_adc.o
 .text.LL_ADC_GetCommonPathInternalCh
                0x000000000800261c       0x1c ./Drivers/STM32L4xx_HAL_Driver/Src/stm32l4xx_hal_adc.o
 .text.LL_ADC_SetOffset
                0x0000000008002638       0x48 ./Drivers/STM32L4xx_HAL_Driver/Src/stm32l4xx_hal_adc.o
 .text.LL_ADC_GetOffsetChannel
                0x0000000008002680       0x2c ./Drivers/STM32L4xx_HAL_Driver/Src/stm32l4xx_hal_adc.o
 .text.LL_ADC_SetOffsetState
                0x00000000080026ac       0x36 ./Drivers/STM32L4xx_HAL_Driver/Src/stm32l4xx_hal_adc.o
 .text.LL_ADC_SetSamplingTimeCommonConfig
                0x00000000080026e2       0x26 ./Drivers/STM32L4xx_HAL_Driver/Src/stm32l4xx_hal_adc.o
 .text.LL_ADC_REG_SetSequencerRanks
                0x0000000008002708       0x58 ./Drivers/STM32L4xx_HAL_Driver/Src/stm32l4xx_hal_adc.o
 .text.LL_ADC_SetChannelSamplingTime
                0x0000000008002760       0x56 ./Drivers/STM32L4xx_HAL_Driver/Src/stm32l4xx_hal_adc.o
 *fill*         0x00000000080027b6        0x2 
 .text.LL_ADC_SetChannelSingleDiff
                0x00000000080027b8       0x48 ./Drivers/STM32L4xx_HAL_Driver/Src/stm32l4xx_hal_adc.o
 .text.LL_ADC_DisableDeepPowerDown
                0x0000000008002800       0x24 ./Drivers/STM32L4xx_HAL_Driver/Src/stm32l4xx_hal_adc.o
 .text.LL_ADC_IsDeepPowerDownEnabled
                0x0000000008002824       0x28 ./Drivers/STM32L4xx_HAL_Driver/Src/stm32l4xx_hal_adc.o
 .text.LL_ADC_EnableInternalRegulator
                0x000000000800284c       0x28 ./Drivers/STM32L4xx_HAL_Driver/Src/stm32l4xx_hal_adc.o
 .text.LL_ADC_IsInternalRegulatorEnabled
                0x0000000008002874       0x28 ./Drivers/STM32L4xx_HAL_Driver/Src/stm32l4xx_hal_adc.o
 .text.LL_ADC_IsEnabled
                0x000000000800289c       0x26 ./Drivers/STM32L4xx_HAL_Driver/Src/stm32l4xx_hal_adc.o
 .text.LL_ADC_REG_IsConversionOngoing
                0x00000000080028c2       0x26 ./Drivers/STM32L4xx_HAL_Driver/Src/stm32l4xx_hal_adc.o
 .text.LL_ADC_INJ_IsConversionOngoing
                0x00000000080028e8       0x26 ./Drivers/STM32L4xx_HAL_Driver/Src/stm32l4xx_hal_adc.o
 *fill*         0x000000000800290e        0x2 
 .text.HAL_ADC_Init
                0x0000000008002910      0x298 ./Drivers/STM32L4xx_HAL_Driver/Src/stm32l4xx_hal_adc.o
                0x0000000008002910                HAL_ADC_Init
 .text.HAL_ADC_ConfigChannel
                0x0000000008002ba8      0x7f8 ./Drivers/STM32L4xx_HAL_Driver/Src/stm32l4xx_hal_adc.o
                0x0000000008002ba8                HAL_ADC_ConfigChannel
 .text.HAL_CAN_Init
                0x00000000080033a0      0x1f6 ./Drivers/STM32L4xx_HAL_Driver/Src/stm32l4xx_hal_can.o
                0x00000000080033a0                HAL_CAN_Init
 *fill*         0x0000000008003596        0x2 
 .text.LL_EXTI_EnableIT_0_31
                0x0000000008003598       0x24 ./Drivers/STM32L4xx_HAL_Driver/Src/stm32l4xx_hal_comp.o
 .text.LL_EXTI_DisableIT_0_31
                0x00000000080035bc       0x28 ./Drivers/STM32L4xx_HAL_Driver/Src/stm32l4xx_hal_comp.o
 .text.LL_EXTI_EnableEvent_0_31
                0x00000000080035e4       0x24 ./Drivers/STM32L4xx_HAL_Driver/Src/stm32l4xx_hal_comp.o
 .text.LL_EXTI_DisableEvent_0_31
                0x0000000008003608       0x28 ./Drivers/STM32L4xx_HAL_Driver/Src/stm32l4xx_hal_comp.o
 .text.LL_EXTI_EnableRisingTrig_0_31
                0x0000000008003630       0x24 ./Drivers/STM32L4xx_HAL_Driver/Src/stm32l4xx_hal_comp.o
 .text.LL_EXTI_DisableRisingTrig_0_31
                0x0000000008003654       0x28 ./Drivers/STM32L4xx_HAL_Driver/Src/stm32l4xx_hal_comp.o
 .text.LL_EXTI_EnableFallingTrig_0_31
                0x000000000800367c       0x24 ./Drivers/STM32L4xx_HAL_Driver/Src/stm32l4xx_hal_comp.o
 .text.LL_EXTI_DisableFallingTrig_0_31
                0x00000000080036a0       0x28 ./Drivers/STM32L4xx_HAL_Driver/Src/stm32l4xx_hal_comp.o
 .text.LL_EXTI_ClearFlag_0_31
                0x00000000080036c8       0x20 ./Drivers/STM32L4xx_HAL_Driver/Src/stm32l4xx_hal_comp.o
 .text.HAL_COMP_Init
                0x00000000080036e8      0x1e4 ./Drivers/STM32L4xx_HAL_Driver/Src/stm32l4xx_hal_comp.o
                0x00000000080036e8                HAL_COMP_Init
 .text.__NVIC_SetPriorityGrouping
                0x00000000080038cc       0x48 ./Drivers/STM32L4xx_HAL_Driver/Src/stm32l4xx_hal_cortex.o
 .text.__NVIC_GetPriorityGrouping
                0x0000000008003914       0x1c ./Drivers/STM32L4xx_HAL_Driver/Src/stm32l4xx_hal_cortex.o
 .text.__NVIC_EnableIRQ
                0x0000000008003930       0x3c ./Drivers/STM32L4xx_HAL_Driver/Src/stm32l4xx_hal_cortex.o
 .text.__NVIC_SetPriority
                0x000000000800396c       0x54 ./Drivers/STM32L4xx_HAL_Driver/Src/stm32l4xx_hal_cortex.o
 .text.NVIC_EncodePriority
                0x00000000080039c0       0x66 ./Drivers/STM32L4xx_HAL_Driver/Src/stm32l4xx_hal_cortex.o
 *fill*         0x0000000008003a26        0x2 
 .text.SysTick_Config
                0x0000000008003a28       0x44 ./Drivers/STM32L4xx_HAL_Driver/Src/stm32l4xx_hal_cortex.o
 .text.HAL_NVIC_SetPriorityGrouping
                0x0000000008003a6c       0x16 ./Drivers/STM32L4xx_HAL_Driver/Src/stm32l4xx_hal_cortex.o
                0x0000000008003a6c                HAL_NVIC_SetPriorityGrouping
 .text.HAL_NVIC_SetPriority
                0x0000000008003a82       0x38 ./Drivers/STM32L4xx_HAL_Driver/Src/stm32l4xx_hal_cortex.o
                0x0000000008003a82                HAL_NVIC_SetPriority
 .text.HAL_NVIC_EnableIRQ
                0x0000000008003aba       0x1c ./Drivers/STM32L4xx_HAL_Driver/Src/stm32l4xx_hal_cortex.o
                0x0000000008003aba                HAL_NVIC_EnableIRQ
 .text.HAL_SYSTICK_Config
                0x0000000008003ad6       0x18 ./Drivers/STM32L4xx_HAL_Driver/Src/stm32l4xx_hal_cortex.o
                0x0000000008003ad6                HAL_SYSTICK_Config
 *fill*         0x0000000008003aee        0x2 
 .text.HAL_GPIO_Init
                0x0000000008003af0      0x324 ./Drivers/STM32L4xx_HAL_Driver/Src/stm32l4xx_hal_gpio.o
                0x0000000008003af0                HAL_GPIO_Init
 .text.HAL_GPIO_WritePin
                0x0000000008003e14       0x30 ./Drivers/STM32L4xx_HAL_Driver/Src/stm32l4xx_hal_gpio.o
                0x0000000008003e14                HAL_GPIO_WritePin
 .text.HAL_PWR_EnableBkUpAccess
                0x0000000008003e44       0x20 ./Drivers/STM32L4xx_HAL_Driver/Src/stm32l4xx_hal_pwr.o
                0x0000000008003e44                HAL_PWR_EnableBkUpAccess
 .text.HAL_PWREx_GetVoltageRange
                0x0000000008003e64       0x40 ./Drivers/STM32L4xx_HAL_Driver/Src/stm32l4xx_hal_pwr_ex.o
                0x0000000008003e64                HAL_PWREx_GetVoltageRange
 .text.HAL_PWREx_ControlVoltageScaling
                0x0000000008003ea4      0x148 ./Drivers/STM32L4xx_HAL_Driver/Src/stm32l4xx_hal_pwr_ex.o
                0x0000000008003ea4                HAL_PWREx_ControlVoltageScaling
 .text.HAL_PWREx_EnableVddIO2
                0x0000000008003fec       0x20 ./Drivers/STM32L4xx_HAL_Driver/Src/stm32l4xx_hal_pwr_ex.o
                0x0000000008003fec                HAL_PWREx_EnableVddIO2
 .text.HAL_RCC_OscConfig
                0x000000000800400c      0x834 ./Drivers/STM32L4xx_HAL_Driver/Src/stm32l4xx_hal_rcc.o
                0x000000000800400c                HAL_RCC_OscConfig
 .text.HAL_RCC_ClockConfig
                0x0000000008004840      0x274 ./Drivers/STM32L4xx_HAL_Driver/Src/stm32l4xx_hal_rcc.o
                0x0000000008004840                HAL_RCC_ClockConfig
 .text.HAL_RCC_GetSysClockFreq
                0x0000000008004ab4      0x118 ./Drivers/STM32L4xx_HAL_Driver/Src/stm32l4xx_hal_rcc.o
                0x0000000008004ab4                HAL_RCC_GetSysClockFreq
 .text.HAL_RCC_GetHCLKFreq
                0x0000000008004bcc       0x18 ./Drivers/STM32L4xx_HAL_Driver/Src/stm32l4xx_hal_rcc.o
                0x0000000008004bcc                HAL_RCC_GetHCLKFreq
 .text.HAL_RCC_GetPCLK1Freq
                0x0000000008004be4       0x2c ./Drivers/STM32L4xx_HAL_Driver/Src/stm32l4xx_hal_rcc.o
                0x0000000008004be4                HAL_RCC_GetPCLK1Freq
 .text.HAL_RCC_GetPCLK2Freq
                0x0000000008004c10       0x2c ./Drivers/STM32L4xx_HAL_Driver/Src/stm32l4xx_hal_rcc.o
                0x0000000008004c10                HAL_RCC_GetPCLK2Freq
 .text.RCC_SetFlashLatencyFromMSIRange
                0x0000000008004c3c       0xb4 ./Drivers/STM32L4xx_HAL_Driver/Src/stm32l4xx_hal_rcc.o
 .text.RCC_GetSysClockFreqFromPLLSource
                0x0000000008004cf0       0xcc ./Drivers/STM32L4xx_HAL_Driver/Src/stm32l4xx_hal_rcc.o
 .text.HAL_RCCEx_PeriphCLKConfig
                0x0000000008004dbc      0x660 ./Drivers/STM32L4xx_HAL_Driver/Src/stm32l4xx_hal_rcc_ex.o
                0x0000000008004dbc                HAL_RCCEx_PeriphCLKConfig
 .text.HAL_RCCEx_GetPeriphCLKFreq
                0x000000000800541c      0xe44 ./Drivers/STM32L4xx_HAL_Driver/Src/stm32l4xx_hal_rcc_ex.o
                0x000000000800541c                HAL_RCCEx_GetPeriphCLKFreq
 .text.HAL_RCCEx_EnableMSIPLLMode
                0x0000000008006260       0x20 ./Drivers/STM32L4xx_HAL_Driver/Src/stm32l4xx_hal_rcc_ex.o
                0x0000000008006260                HAL_RCCEx_EnableMSIPLLMode
 .text.RCCEx_PLLSAI1_Config
                0x0000000008006280      0x1e8 ./Drivers/STM32L4xx_HAL_Driver/Src/stm32l4xx_hal_rcc_ex.o
 .text.RCCEx_PLLSAI2_Config
                0x0000000008006468      0x1e8 ./Drivers/STM32L4xx_HAL_Driver/Src/stm32l4xx_hal_rcc_ex.o
 .text.RCCEx_GetSAIxPeriphCLKFreq
                0x0000000008006650      0x224 ./Drivers/STM32L4xx_HAL_Driver/Src/stm32l4xx_hal_rcc_ex.o
 .text.HAL_SAI_InitProtocol
                0x0000000008006874       0x62 ./Drivers/STM32L4xx_HAL_Driver/Src/stm32l4xx_hal_sai.o
                0x0000000008006874                HAL_SAI_InitProtocol
 *fill*         0x00000000080068d6        0x2 
 .text.HAL_SAI_Init
                0x00000000080068d8      0x3bc ./Drivers/STM32L4xx_HAL_Driver/Src/stm32l4xx_hal_sai.o
                0x00000000080068d8                HAL_SAI_Init
 .text.SAI_InitI2S
                0x0000000008006c94      0x164 ./Drivers/STM32L4xx_HAL_Driver/Src/stm32l4xx_hal_sai.o
 .text.SAI_InitPCM
                0x0000000008006df8      0x104 ./Drivers/STM32L4xx_HAL_Driver/Src/stm32l4xx_hal_sai.o
 .text.SAI_Disable
                0x0000000008006efc       0x74 ./Drivers/STM32L4xx_HAL_Driver/Src/stm32l4xx_hal_sai.o
 .text.HAL_SMBUS_Init
                0x0000000008006f70      0x170 ./Drivers/STM32L4xx_HAL_Driver/Src/stm32l4xx_hal_smbus.o
                0x0000000008006f70                HAL_SMBUS_Init
 .text.HAL_SMBUS_EnableAlert_IT
                0x00000000080070e0       0x34 ./Drivers/STM32L4xx_HAL_Driver/Src/stm32l4xx_hal_smbus.o
                0x00000000080070e0                HAL_SMBUS_EnableAlert_IT
 .text.SMBUS_Enable_IRQ
                0x0000000008007114       0x72 ./Drivers/STM32L4xx_HAL_Driver/Src/stm32l4xx_hal_smbus.o
 .text.HAL_SPI_Init
                0x0000000008007186      0x146 ./Drivers/STM32L4xx_HAL_Driver/Src/stm32l4xx_hal_spi.o
                0x0000000008007186                HAL_SPI_Init
 .text.HAL_TIM_Base_Init
                0x00000000080072cc       0xae ./Drivers/STM32L4xx_HAL_Driver/Src/stm32l4xx_hal_tim.o
                0x00000000080072cc                HAL_TIM_Base_Init
 .text.HAL_TIM_PWM_Init
                0x000000000800737a       0xae ./Drivers/STM32L4xx_HAL_Driver/Src/stm32l4xx_hal_tim.o
                0x000000000800737a                HAL_TIM_PWM_Init
 .text.HAL_TIM_PWM_Start
                0x0000000008007428      0x20c ./Drivers/STM32L4xx_HAL_Driver/Src/stm32l4xx_hal_tim.o
                0x0000000008007428                HAL_TIM_PWM_Start
 .text.HAL_TIM_IC_Init
                0x0000000008007634       0xae ./Drivers/STM32L4xx_HAL_Driver/Src/stm32l4xx_hal_tim.o
                0x0000000008007634                HAL_TIM_IC_Init
 .text.HAL_TIM_IC_MspInit
                0x00000000080076e2       0x14 ./Drivers/STM32L4xx_HAL_Driver/Src/stm32l4xx_hal_tim.o
                0x00000000080076e2                HAL_TIM_IC_MspInit
 *fill*         0x00000000080076f6        0x2 
 .text.HAL_TIM_IC_Start_IT
                0x00000000080076f8      0x294 ./Drivers/STM32L4xx_HAL_Driver/Src/stm32l4xx_hal_tim.o
                0x00000000080076f8                HAL_TIM_IC_Start_IT
 .text.HAL_TIM_IRQHandler
                0x000000000800798c      0x23e ./Drivers/STM32L4xx_HAL_Driver/Src/stm32l4xx_hal_tim.o
                0x000000000800798c                HAL_TIM_IRQHandler
 .text.HAL_TIM_IC_ConfigChannel
                0x0000000008007bca      0x138 ./Drivers/STM32L4xx_HAL_Driver/Src/stm32l4xx_hal_tim.o
                0x0000000008007bca                HAL_TIM_IC_ConfigChannel
 *fill*         0x0000000008007d02        0x2 
 .text.HAL_TIM_PWM_ConfigChannel
                0x0000000008007d04      0x228 ./Drivers/STM32L4xx_HAL_Driver/Src/stm32l4xx_hal_tim.o
                0x0000000008007d04                HAL_TIM_PWM_ConfigChannel
 .text.HAL_TIM_ConfigClockSource
                0x0000000008007f2c      0x192 ./Drivers/STM32L4xx_HAL_Driver/Src/stm32l4xx_hal_tim.o
                0x0000000008007f2c                HAL_TIM_ConfigClockSource
 .text.HAL_TIM_PeriodElapsedCallback
                0x00000000080080be       0x14 ./Drivers/STM32L4xx_HAL_Driver/Src/stm32l4xx_hal_tim.o
                0x00000000080080be                HAL_TIM_PeriodElapsedCallback
 .text.HAL_TIM_OC_DelayElapsedCallback
                0x00000000080080d2       0x14 ./Drivers/STM32L4xx_HAL_Driver/Src/stm32l4xx_hal_tim.o
                0x00000000080080d2                HAL_TIM_OC_DelayElapsedCallback
 .text.HAL_TIM_IC_CaptureCallback
                0x00000000080080e6       0x14 ./Drivers/STM32L4xx_HAL_Driver/Src/stm32l4xx_hal_tim.o
                0x00000000080080e6                HAL_TIM_IC_CaptureCallback
 .text.HAL_TIM_PWM_PulseFinishedCallback
                0x00000000080080fa       0x14 ./Drivers/STM32L4xx_HAL_Driver/Src/stm32l4xx_hal_tim.o
                0x00000000080080fa                HAL_TIM_PWM_PulseFinishedCallback
 .text.HAL_TIM_TriggerCallback
                0x000000000800810e       0x14 ./Drivers/STM32L4xx_HAL_Driver/Src/stm32l4xx_hal_tim.o
                0x000000000800810e                HAL_TIM_TriggerCallback
 *fill*         0x0000000008008122        0x2 
 .text.TIM_Base_SetConfig
                0x0000000008008124      0x134 ./Drivers/STM32L4xx_HAL_Driver/Src/stm32l4xx_hal_tim.o
                0x0000000008008124                TIM_Base_SetConfig
 .text.TIM_OC1_SetConfig
                0x0000000008008258      0x120 ./Drivers/STM32L4xx_HAL_Driver/Src/stm32l4xx_hal_tim.o
 .text.TIM_OC2_SetConfig
                0x0000000008008378      0x114 ./Drivers/STM32L4xx_HAL_Driver/Src/stm32l4xx_hal_tim.o
                0x0000000008008378                TIM_OC2_SetConfig
 .text.TIM_OC3_SetConfig
                0x000000000800848c      0x110 ./Drivers/STM32L4xx_HAL_Driver/Src/stm32l4xx_hal_tim.o
 .text.TIM_OC4_SetConfig
                0x000000000800859c       0xd4 ./Drivers/STM32L4xx_HAL_Driver/Src/stm32l4xx_hal_tim.o
 .text.TIM_OC5_SetConfig
                0x0000000008008670       0xc8 ./Drivers/STM32L4xx_HAL_Driver/Src/stm32l4xx_hal_tim.o
 .text.TIM_OC6_SetConfig
                0x0000000008008738       0xcc ./Drivers/STM32L4xx_HAL_Driver/Src/stm32l4xx_hal_tim.o
 .text.TIM_TI1_SetConfig
                0x0000000008008804       0xdc ./Drivers/STM32L4xx_HAL_Driver/Src/stm32l4xx_hal_tim.o
                0x0000000008008804                TIM_TI1_SetConfig
 .text.TIM_TI1_ConfigInputStage
                0x00000000080088e0       0x5e ./Drivers/STM32L4xx_HAL_Driver/Src/stm32l4xx_hal_tim.o
 .text.TIM_TI2_SetConfig
                0x000000000800893e       0x7a ./Drivers/STM32L4xx_HAL_Driver/Src/stm32l4xx_hal_tim.o
 .text.TIM_TI2_ConfigInputStage
                0x00000000080089b8       0x60 ./Drivers/STM32L4xx_HAL_Driver/Src/stm32l4xx_hal_tim.o
 .text.TIM_TI3_SetConfig
                0x0000000008008a18       0x78 ./Drivers/STM32L4xx_HAL_Driver/Src/stm32l4xx_hal_tim.o
 .text.TIM_TI4_SetConfig
                0x0000000008008a90       0x7a ./Drivers/STM32L4xx_HAL_Driver/Src/stm32l4xx_hal_tim.o
 .text.TIM_ITRx_SetConfig
                0x0000000008008b0a       0x36 ./Drivers/STM32L4xx_HAL_Driver/Src/stm32l4xx_hal_tim.o
 .text.TIM_ETR_SetConfig
                0x0000000008008b40       0x40 ./Drivers/STM32L4xx_HAL_Driver/Src/stm32l4xx_hal_tim.o
                0x0000000008008b40                TIM_ETR_SetConfig
 .text.TIM_CCxChannelCmd
                0x0000000008008b80       0x4a ./Drivers/STM32L4xx_HAL_Driver/Src/stm32l4xx_hal_tim.o
                0x0000000008008b80                TIM_CCxChannelCmd
 *fill*         0x0000000008008bca        0x2 
 .text.HAL_TIMEx_MasterConfigSynchronization
                0x0000000008008bcc      0x110 ./Drivers/STM32L4xx_HAL_Driver/Src/stm32l4xx_hal_tim_ex.o
                0x0000000008008bcc                HAL_TIMEx_MasterConfigSynchronization
 .text.HAL_TIMEx_ConfigBreakDeadTime
                0x0000000008008cdc       0xfc ./Drivers/STM32L4xx_HAL_Driver/Src/stm32l4xx_hal_tim_ex.o
                0x0000000008008cdc                HAL_TIMEx_ConfigBreakDeadTime
 .text.HAL_TIMEx_ConfigBreakInput
                0x0000000008008dd8      0x18c ./Drivers/STM32L4xx_HAL_Driver/Src/stm32l4xx_hal_tim_ex.o
                0x0000000008008dd8                HAL_TIMEx_ConfigBreakInput
 .text.HAL_TIMEx_CommutCallback
                0x0000000008008f64       0x14 ./Drivers/STM32L4xx_HAL_Driver/Src/stm32l4xx_hal_tim_ex.o
                0x0000000008008f64                HAL_TIMEx_CommutCallback
 .text.HAL_TIMEx_BreakCallback
                0x0000000008008f78       0x14 ./Drivers/STM32L4xx_HAL_Driver/Src/stm32l4xx_hal_tim_ex.o
                0x0000000008008f78                HAL_TIMEx_BreakCallback
 .text.HAL_TIMEx_Break2Callback
                0x0000000008008f8c       0x14 ./Drivers/STM32L4xx_HAL_Driver/Src/stm32l4xx_hal_tim_ex.o
                0x0000000008008f8c                HAL_TIMEx_Break2Callback
 .text.HAL_UART_Init
                0x0000000008008fa0       0xa0 ./Drivers/STM32L4xx_HAL_Driver/Src/stm32l4xx_hal_uart.o
                0x0000000008008fa0                HAL_UART_Init
 .text.UART_SetConfig
                0x0000000008009040      0x5f8 ./Drivers/STM32L4xx_HAL_Driver/Src/stm32l4xx_hal_uart.o
                0x0000000008009040                UART_SetConfig
 .text.UART_AdvFeatureConfig
                0x0000000008009638      0x144 ./Drivers/STM32L4xx_HAL_Driver/Src/stm32l4xx_hal_uart.o
                0x0000000008009638                UART_AdvFeatureConfig
 .text.UART_CheckIdleState
                0x000000000800977c       0x96 ./Drivers/STM32L4xx_HAL_Driver/Src/stm32l4xx_hal_uart.o
                0x000000000800977c                UART_CheckIdleState
 .text.UART_WaitOnFlagUntilTimeout
                0x0000000008009812      0x190 ./Drivers/STM32L4xx_HAL_Driver/Src/stm32l4xx_hal_uart.o
                0x0000000008009812                UART_WaitOnFlagUntilTimeout
 .text.HAL_UARTEx_DisableFifoMode
                0x00000000080099a2       0x72 ./Drivers/STM32L4xx_HAL_Driver/Src/stm32l4xx_hal_uart_ex.o
                0x00000000080099a2                HAL_UARTEx_DisableFifoMode
 .text.HAL_UARTEx_SetTxFifoThreshold
                0x0000000008009a14       0x7c ./Drivers/STM32L4xx_HAL_Driver/Src/stm32l4xx_hal_uart_ex.o
                0x0000000008009a14                HAL_UARTEx_SetTxFifoThreshold
 .text.HAL_UARTEx_SetRxFifoThreshold
                0x0000000008009a90       0x7c ./Drivers/STM32L4xx_HAL_Driver/Src/stm32l4xx_hal_uart_ex.o
                0x0000000008009a90                HAL_UARTEx_SetRxFifoThreshold
 .text.UARTEx_SetNbDataToProcess
                0x0000000008009b0c       0x9c ./Drivers/STM32L4xx_HAL_Driver/Src/stm32l4xx_hal_uart_ex.o
 .text.__libc_init_array
                0x0000000008009ba8       0x48 /home/eric/st/stm32cubeide_1.11.0/plugins/com.st.stm32cube.ide.mcu.externaltools.gnu-tools-for-stm32.10.3-2021.10.linux64_1.0.100.202210260954/tools/bin/../lib/gcc/arm-none-eabi/10.3.1/../../../../arm-none-eabi/lib/thumb/v7e-m+fp/hard/libc_nano.a(lib_a-init.o)
                0x0000000008009ba8                __libc_init_array
 .text.memset   0x0000000008009bf0       0x10 /home/eric/st/stm32cubeide_1.11.0/plugins/com.st.stm32cube.ide.mcu.externaltools.gnu-tools-for-stm32.10.3-2021.10.linux64_1.0.100.202210260954/tools/bin/../lib/gcc/arm-none-eabi/10.3.1/../../../../arm-none-eabi/lib/thumb/v7e-m+fp/hard/libc_nano.a(lib_a-memset.o)
                0x0000000008009bf0                memset
 *(.glue_7)
 .glue_7        0x0000000008009c00        0x0 linker stubs
 *(.glue_7t)
 .glue_7t       0x0000000008009c00        0x0 linker stubs
 *(.eh_frame)
 .eh_frame      0x0000000008009c00        0x0 /home/eric/st/stm32cubeide_1.11.0/plugins/com.st.stm32cube.ide.mcu.externaltools.gnu-tools-for-stm32.10.3-2021.10.linux64_1.0.100.202210260954/tools/bin/../lib/gcc/arm-none-eabi/10.3.1/thumb/v7e-m+fp/hard/crtbegin.o
 *(.init)
 .init          0x0000000008009c00        0x4 /home/eric/st/stm32cubeide_1.11.0/plugins/com.st.stm32cube.ide.mcu.externaltools.gnu-tools-for-stm32.10.3-2021.10.linux64_1.0.100.202210260954/tools/bin/../lib/gcc/arm-none-eabi/10.3.1/thumb/v7e-m+fp/hard/crti.o
                0x0000000008009c00                _init
 .init          0x0000000008009c04        0x8 /home/eric/st/stm32cubeide_1.11.0/plugins/com.st.stm32cube.ide.mcu.externaltools.gnu-tools-for-stm32.10.3-2021.10.linux64_1.0.100.202210260954/tools/bin/../lib/gcc/arm-none-eabi/10.3.1/thumb/v7e-m+fp/hard/crtn.o
 *(.fini)
 .fini          0x0000000008009c0c        0x4 /home/eric/st/stm32cubeide_1.11.0/plugins/com.st.stm32cube.ide.mcu.externaltools.gnu-tools-for-stm32.10.3-2021.10.linux64_1.0.100.202210260954/tools/bin/../lib/gcc/arm-none-eabi/10.3.1/thumb/v7e-m+fp/hard/crti.o
                0x0000000008009c0c                _fini
 .fini          0x0000000008009c10        0x8 /home/eric/st/stm32cubeide_1.11.0/plugins/com.st.stm32cube.ide.mcu.externaltools.gnu-tools-for-stm32.10.3-2021.10.linux64_1.0.100.202210260954/tools/bin/../lib/gcc/arm-none-eabi/10.3.1/thumb/v7e-m+fp/hard/crtn.o
                0x0000000008009c18                . = ALIGN (0x4)
                0x0000000008009c18                _etext = .

.vfp11_veneer   0x0000000008009c18        0x0
 .vfp11_veneer  0x0000000008009c18        0x0 linker stubs

.v4_bx          0x0000000008009c18        0x0
 .v4_bx         0x0000000008009c18        0x0 linker stubs

.iplt           0x0000000008009c18        0x0
 .iplt          0x0000000008009c18        0x0 /home/eric/st/stm32cubeide_1.11.0/plugins/com.st.stm32cube.ide.mcu.externaltools.gnu-tools-for-stm32.10.3-2021.10.linux64_1.0.100.202210260954/tools/bin/../lib/gcc/arm-none-eabi/10.3.1/thumb/v7e-m+fp/hard/crtbegin.o

.rodata         0x0000000008009c18       0x70
                0x0000000008009c18                . = ALIGN (0x4)
 *(.rodata)
 *(.rodata*)
 .rodata.AHBPrescTable
                0x0000000008009c18       0x10 ./Core/Src/system_stm32l4xx.o
                0x0000000008009c18                AHBPrescTable
 .rodata.APBPrescTable
                0x0000000008009c28        0x8 ./Core/Src/system_stm32l4xx.o
                0x0000000008009c28                APBPrescTable
 .rodata.MSIRangeTable
                0x0000000008009c30       0x30 ./Core/Src/system_stm32l4xx.o
                0x0000000008009c30                MSIRangeTable
 .rodata.UARTPrescTable
                0x0000000008009c60       0x18 ./Drivers/STM32L4xx_HAL_Driver/Src/stm32l4xx_hal_uart.o
                0x0000000008009c60                UARTPrescTable
 .rodata.numerator.1
                0x0000000008009c78        0x8 ./Drivers/STM32L4xx_HAL_Driver/Src/stm32l4xx_hal_uart_ex.o
 .rodata.denominator.0
                0x0000000008009c80        0x8 ./Drivers/STM32L4xx_HAL_Driver/Src/stm32l4xx_hal_uart_ex.o
                0x0000000008009c88                . = ALIGN (0x4)

.ARM.extab      0x0000000008009c88        0x0
                0x0000000008009c88                . = ALIGN (0x4)
 *(.ARM.extab* .gnu.linkonce.armextab.*)
                0x0000000008009c88                . = ALIGN (0x4)

.ARM            0x0000000008009c88        0x8
                0x0000000008009c88                . = ALIGN (0x4)
                0x0000000008009c88                __exidx_start = .
 *(.ARM.exidx*)
 .ARM.exidx     0x0000000008009c88        0x8 /home/eric/st/stm32cubeide_1.11.0/plugins/com.st.stm32cube.ide.mcu.externaltools.gnu-tools-for-stm32.10.3-2021.10.linux64_1.0.100.202210260954/tools/bin/../lib/gcc/arm-none-eabi/10.3.1/thumb/v7e-m+fp/hard/libgcc.a(_udivmoddi4.o)
                0x0000000008009c90                __exidx_end = .
                0x0000000008009c90                . = ALIGN (0x4)

.rel.dyn        0x0000000008009c90        0x0
 .rel.iplt      0x0000000008009c90        0x0 /home/eric/st/stm32cubeide_1.11.0/plugins/com.st.stm32cube.ide.mcu.externaltools.gnu-tools-for-stm32.10.3-2021.10.linux64_1.0.100.202210260954/tools/bin/../lib/gcc/arm-none-eabi/10.3.1/thumb/v7e-m+fp/hard/crtbegin.o

.preinit_array  0x0000000008009c90        0x0
                0x0000000008009c90                . = ALIGN (0x4)
                0x0000000008009c90                PROVIDE (__preinit_array_start = .)
 *(.preinit_array*)
                0x0000000008009c90                PROVIDE (__preinit_array_end = .)
                0x0000000008009c90                . = ALIGN (0x4)

.init_array     0x0000000008009c90        0x4
                0x0000000008009c90                . = ALIGN (0x4)
                0x0000000008009c90                PROVIDE (__init_array_start = .)
 *(SORT_BY_NAME(.init_array.*))
 *(.init_array*)
 .init_array    0x0000000008009c90        0x4 /home/eric/st/stm32cubeide_1.11.0/plugins/com.st.stm32cube.ide.mcu.externaltools.gnu-tools-for-stm32.10.3-2021.10.linux64_1.0.100.202210260954/tools/bin/../lib/gcc/arm-none-eabi/10.3.1/thumb/v7e-m+fp/hard/crtbegin.o
                0x0000000008009c94                PROVIDE (__init_array_end = .)
                0x0000000008009c94                . = ALIGN (0x4)

.fini_array     0x0000000008009c94        0x4
                0x0000000008009c94                . = ALIGN (0x4)
                [!provide]                        PROVIDE (__fini_array_start = .)
 *(SORT_BY_NAME(.fini_array.*))
 *(.fini_array*)
 .fini_array    0x0000000008009c94        0x4 /home/eric/st/stm32cubeide_1.11.0/plugins/com.st.stm32cube.ide.mcu.externaltools.gnu-tools-for-stm32.10.3-2021.10.linux64_1.0.100.202210260954/tools/bin/../lib/gcc/arm-none-eabi/10.3.1/thumb/v7e-m+fp/hard/crtbegin.o
                [!provide]                        PROVIDE (__fini_array_end = .)
                0x0000000008009c98                . = ALIGN (0x4)
                0x0000000008009c98                _sidata = LOADADDR (.data)

.data           0x0000000020000000        0xc load address 0x0000000008009c98
                0x0000000020000000                . = ALIGN (0x4)
                0x0000000020000000                _sdata = .
 *(.data)
 *(.data*)
 .data.SystemCoreClock
                0x0000000020000000        0x4 ./Core/Src/system_stm32l4xx.o
                0x0000000020000000                SystemCoreClock
 .data.uwTickPrio
                0x0000000020000004        0x4 ./Drivers/STM32L4xx_HAL_Driver/Src/stm32l4xx_hal.o
                0x0000000020000004                uwTickPrio
 .data.uwTickFreq
                0x0000000020000008        0x1 ./Drivers/STM32L4xx_HAL_Driver/Src/stm32l4xx_hal.o
                0x0000000020000008                uwTickFreq
 *(.RamFunc)
 *(.RamFunc*)
                0x000000002000000c                . = ALIGN (0x4)
 *fill*         0x0000000020000009        0x3 
                0x000000002000000c                _edata = .

.igot.plt       0x000000002000000c        0x0 load address 0x0000000008009ca4
 .igot.plt      0x000000002000000c        0x0 /home/eric/st/stm32cubeide_1.11.0/plugins/com.st.stm32cube.ide.mcu.externaltools.gnu-tools-for-stm32.10.3-2021.10.linux64_1.0.100.202210260954/tools/bin/../lib/gcc/arm-none-eabi/10.3.1/thumb/v7e-m+fp/hard/crtbegin.o
                0x000000002000000c                . = ALIGN (0x4)

.bss            0x000000002000000c      0x774 load address 0x0000000008009ca4
                0x000000002000000c                _sbss = .
                0x000000002000000c                __bss_start__ = _sbss
 *(.bss)
 .bss           0x000000002000000c       0x1c /home/eric/st/stm32cubeide_1.11.0/plugins/com.st.stm32cube.ide.mcu.externaltools.gnu-tools-for-stm32.10.3-2021.10.linux64_1.0.100.202210260954/tools/bin/../lib/gcc/arm-none-eabi/10.3.1/thumb/v7e-m+fp/hard/crtbegin.o
 *(.bss*)
 .bss.state     0x0000000020000028        0x1 ./Core/Src/central_control.o
                0x0000000020000028                state
 .bss.prev_state
                0x0000000020000029        0x1 ./Core/Src/central_control.o
                0x0000000020000029                prev_state
 .bss.on_off    0x000000002000002a        0x1 ./Core/Src/central_control.o
                0x000000002000002a                on_off
 .bss.ball_locked
                0x000000002000002b        0x1 ./Core/Src/central_control.o
                0x000000002000002b                ball_locked
 .bss.ball_not_found
                0x000000002000002c        0x1 ./Core/Src/central_control.o
                0x000000002000002c                ball_not_found
 .bss.ball_count
                0x000000002000002d        0x1 ./Core/Src/central_control.o
                0x000000002000002d                ball_count
 .bss.ball_collected
                0x000000002000002e        0x1 ./Core/Src/central_control.o
                0x000000002000002e                ball_collected
 .bss.station_arrived
                0x000000002000002f        0x1 ./Core/Src/central_control.o
                0x000000002000002f                station_arrived
 .bss.avoid_finished
                0x0000000020000030        0x1 ./Core/Src/central_control.o
                0x0000000020000030                avoid_finished
 .bss.reset     0x0000000020000031        0x1 ./Core/Src/central_control.o
                0x0000000020000031                reset
 *fill*         0x0000000020000032        0x2 
 .bss.count     0x0000000020000034        0x4 ./Core/Src/central_control.o
                0x0000000020000034                count
 .bss.hadc1     0x0000000020000038       0x68 ./Core/Src/main.o
                0x0000000020000038                hadc1
 .bss.hcan1     0x00000000200000a0       0x28 ./Core/Src/main.o
                0x00000000200000a0                hcan1
 .bss.hcomp1    0x00000000200000c8       0x2c ./Core/Src/main.o
                0x00000000200000c8                hcomp1
 .bss.hcomp2    0x00000000200000f4       0x2c ./Core/Src/main.o
                0x00000000200000f4                hcomp2
 .bss.hsmbus1   0x0000000020000120       0x50 ./Core/Src/main.o
                0x0000000020000120                hsmbus1
 .bss.hsmbus2   0x0000000020000170       0x50 ./Core/Src/main.o
                0x0000000020000170                hsmbus2
 .bss.hlpuart1  0x00000000200001c0       0x90 ./Core/Src/main.o
                0x00000000200001c0                hlpuart1
 .bss.huart2    0x0000000020000250       0x90 ./Core/Src/main.o
                0x0000000020000250                huart2
 .bss.huart3    0x00000000200002e0       0x90 ./Core/Src/main.o
                0x00000000200002e0                huart3
 .bss.hsai_BlockB1
                0x0000000020000370       0x94 ./Core/Src/main.o
                0x0000000020000370                hsai_BlockB1
 .bss.hsai_BlockA1
                0x0000000020000404       0x94 ./Core/Src/main.o
                0x0000000020000404                hsai_BlockA1
 .bss.hsai_BlockA2
                0x0000000020000498       0x94 ./Core/Src/main.o
                0x0000000020000498                hsai_BlockA2
 .bss.hspi1     0x000000002000052c       0x64 ./Core/Src/main.o
                0x000000002000052c                hspi1
 .bss.hspi3     0x0000000020000590       0x64 ./Core/Src/main.o
                0x0000000020000590                hspi3
 .bss.htim1     0x00000000200005f4       0x4c ./Core/Src/main.o
                0x00000000200005f4                htim1
 .bss.htim2     0x0000000020000640       0x4c ./Core/Src/main.o
                0x0000000020000640                htim2
 .bss.htim3     0x000000002000068c       0x4c ./Core/Src/main.o
                0x000000002000068c                htim3
 .bss.htim4     0x00000000200006d8       0x4c ./Core/Src/main.o
                0x00000000200006d8                htim4
 .bss.htim15    0x0000000020000724       0x4c ./Core/Src/main.o
                0x0000000020000724                htim15
 .bss.SAI1_client
                0x0000000020000770        0x4 ./Core/Src/stm32l4xx_hal_msp.o
 .bss.SAI2_client
                0x0000000020000774        0x4 ./Core/Src/stm32l4xx_hal_msp.o
 .bss.mode.0    0x0000000020000778        0x1 ./Core/Src/stm32l4xx_it.o
 *fill*         0x0000000020000779        0x3 
 .bss.uwTick    0x000000002000077c        0x4 ./Drivers/STM32L4xx_HAL_Driver/Src/stm32l4xx_hal.o
                0x000000002000077c                uwTick
 *(COMMON)
                0x0000000020000780                . = ALIGN (0x4)
                0x0000000020000780                _ebss = .
                0x0000000020000780                __bss_end__ = _ebss

._user_heap_stack
                0x0000000020000780      0x600 load address 0x0000000008009ca4
                0x0000000020000780                . = ALIGN (0x8)
                [!provide]                        PROVIDE (end = .)
                0x0000000020000780                PROVIDE (_end = .)
                0x0000000020000980                . = (. + _Min_Heap_Size)
 *fill*         0x0000000020000780      0x200 
                0x0000000020000d80                . = (. + _Min_Stack_Size)
 *fill*         0x0000000020000980      0x400 
                0x0000000020000d80                . = ALIGN (0x8)

/DISCARD/
 libc.a(*)
 libm.a(*)
 libgcc.a(*)

.ARM.attributes
                0x0000000000000000       0x30
 *(.ARM.attributes)
 .ARM.attributes
                0x0000000000000000       0x1e /home/eric/st/stm32cubeide_1.11.0/plugins/com.st.stm32cube.ide.mcu.externaltools.gnu-tools-for-stm32.10.3-2021.10.linux64_1.0.100.202210260954/tools/bin/../lib/gcc/arm-none-eabi/10.3.1/thumb/v7e-m+fp/hard/crti.o
 .ARM.attributes
                0x000000000000001e       0x34 /home/eric/st/stm32cubeide_1.11.0/plugins/com.st.stm32cube.ide.mcu.externaltools.gnu-tools-for-stm32.10.3-2021.10.linux64_1.0.100.202210260954/tools/bin/../lib/gcc/arm-none-eabi/10.3.1/thumb/v7e-m+fp/hard/crtbegin.o
 .ARM.attributes
                0x0000000000000052       0x34 ./Core/Src/central_control.o
 .ARM.attributes
                0x0000000000000086       0x34 ./Core/Src/main.o
 .ARM.attributes
                0x00000000000000ba       0x34 ./Core/Src/stm32l4xx_hal_msp.o
 .ARM.attributes
                0x00000000000000ee       0x34 ./Core/Src/stm32l4xx_it.o
 .ARM.attributes
                0x0000000000000122       0x34 ./Core/Src/system_stm32l4xx.o
 .ARM.attributes
                0x0000000000000156       0x21 ./Core/Startup/startup_stm32l4r5zitxp.o
 .ARM.attributes
                0x0000000000000177       0x34 ./Drivers/STM32L4xx_HAL_Driver/Src/stm32l4xx_hal.o
 .ARM.attributes
                0x00000000000001ab       0x34 ./Drivers/STM32L4xx_HAL_Driver/Src/stm32l4xx_hal_adc.o
 .ARM.attributes
                0x00000000000001df       0x34 ./Drivers/STM32L4xx_HAL_Driver/Src/stm32l4xx_hal_can.o
 .ARM.attributes
                0x0000000000000213       0x34 ./Drivers/STM32L4xx_HAL_Driver/Src/stm32l4xx_hal_comp.o
 .ARM.attributes
                0x0000000000000247       0x34 ./Drivers/STM32L4xx_HAL_Driver/Src/stm32l4xx_hal_cortex.o
 .ARM.attributes
                0x000000000000027b       0x34 ./Drivers/STM32L4xx_HAL_Driver/Src/stm32l4xx_hal_gpio.o
 .ARM.attributes
                0x00000000000002af       0x34 ./Drivers/STM32L4xx_HAL_Driver/Src/stm32l4xx_hal_pwr.o
 .ARM.attributes
                0x00000000000002e3       0x34 ./Drivers/STM32L4xx_HAL_Driver/Src/stm32l4xx_hal_pwr_ex.o
 .ARM.attributes
                0x0000000000000317       0x34 ./Drivers/STM32L4xx_HAL_Driver/Src/stm32l4xx_hal_rcc.o
 .ARM.attributes
                0x000000000000034b       0x34 ./Drivers/STM32L4xx_HAL_Driver/Src/stm32l4xx_hal_rcc_ex.o
 .ARM.attributes
                0x000000000000037f       0x34 ./Drivers/STM32L4xx_HAL_Driver/Src/stm32l4xx_hal_sai.o
 .ARM.attributes
                0x00000000000003b3       0x34 ./Drivers/STM32L4xx_HAL_Driver/Src/stm32l4xx_hal_smbus.o
 .ARM.attributes
                0x00000000000003e7       0x34 ./Drivers/STM32L4xx_HAL_Driver/Src/stm32l4xx_hal_spi.o
 .ARM.attributes
                0x000000000000041b       0x34 ./Drivers/STM32L4xx_HAL_Driver/Src/stm32l4xx_hal_tim.o
 .ARM.attributes
                0x000000000000044f       0x34 ./Drivers/STM32L4xx_HAL_Driver/Src/stm32l4xx_hal_tim_ex.o
 .ARM.attributes
                0x0000000000000483       0x34 ./Drivers/STM32L4xx_HAL_Driver/Src/stm32l4xx_hal_uart.o
 .ARM.attributes
                0x00000000000004b7       0x34 ./Drivers/STM32L4xx_HAL_Driver/Src/stm32l4xx_hal_uart_ex.o
 .ARM.attributes
                0x00000000000004eb       0x34 /home/eric/st/stm32cubeide_1.11.0/plugins/com.st.stm32cube.ide.mcu.externaltools.gnu-tools-for-stm32.10.3-2021.10.linux64_1.0.100.202210260954/tools/bin/../lib/gcc/arm-none-eabi/10.3.1/../../../../arm-none-eabi/lib/thumb/v7e-m+fp/hard/libc_nano.a(lib_a-init.o)
 .ARM.attributes
                0x000000000000051f       0x34 /home/eric/st/stm32cubeide_1.11.0/plugins/com.st.stm32cube.ide.mcu.externaltools.gnu-tools-for-stm32.10.3-2021.10.linux64_1.0.100.202210260954/tools/bin/../lib/gcc/arm-none-eabi/10.3.1/../../../../arm-none-eabi/lib/thumb/v7e-m+fp/hard/libc_nano.a(lib_a-memset.o)
 .ARM.attributes
                0x0000000000000553       0x1e /home/eric/st/stm32cubeide_1.11.0/plugins/com.st.stm32cube.ide.mcu.externaltools.gnu-tools-for-stm32.10.3-2021.10.linux64_1.0.100.202210260954/tools/bin/../lib/gcc/arm-none-eabi/10.3.1/thumb/v7e-m+fp/hard/libgcc.a(_aeabi_uldivmod.o)
 .ARM.attributes
                0x0000000000000571       0x34 /home/eric/st/stm32cubeide_1.11.0/plugins/com.st.stm32cube.ide.mcu.externaltools.gnu-tools-for-stm32.10.3-2021.10.linux64_1.0.100.202210260954/tools/bin/../lib/gcc/arm-none-eabi/10.3.1/thumb/v7e-m+fp/hard/libgcc.a(_udivmoddi4.o)
 .ARM.attributes
                0x00000000000005a5       0x1e /home/eric/st/stm32cubeide_1.11.0/plugins/com.st.stm32cube.ide.mcu.externaltools.gnu-tools-for-stm32.10.3-2021.10.linux64_1.0.100.202210260954/tools/bin/../lib/gcc/arm-none-eabi/10.3.1/thumb/v7e-m+fp/hard/libgcc.a(_dvmd_tls.o)
 .ARM.attributes
                0x00000000000005c3       0x1e /home/eric/st/stm32cubeide_1.11.0/plugins/com.st.stm32cube.ide.mcu.externaltools.gnu-tools-for-stm32.10.3-2021.10.linux64_1.0.100.202210260954/tools/bin/../lib/gcc/arm-none-eabi/10.3.1/thumb/v7e-m+fp/hard/crtn.o
OUTPUT(central_control.elf elf32-littlearm)
LOAD linker stubs
LOAD /home/eric/st/stm32cubeide_1.11.0/plugins/com.st.stm32cube.ide.mcu.externaltools.gnu-tools-for-stm32.10.3-2021.10.linux64_1.0.100.202210260954/tools/bin/../lib/gcc/arm-none-eabi/10.3.1/../../../../arm-none-eabi/lib/thumb/v7e-m+fp/hard/libc.a
LOAD /home/eric/st/stm32cubeide_1.11.0/plugins/com.st.stm32cube.ide.mcu.externaltools.gnu-tools-for-stm32.10.3-2021.10.linux64_1.0.100.202210260954/tools/bin/../lib/gcc/arm-none-eabi/10.3.1/../../../../arm-none-eabi/lib/thumb/v7e-m+fp/hard/libm.a
LOAD /home/eric/st/stm32cubeide_1.11.0/plugins/com.st.stm32cube.ide.mcu.externaltools.gnu-tools-for-stm32.10.3-2021.10.linux64_1.0.100.202210260954/tools/bin/../lib/gcc/arm-none-eabi/10.3.1/thumb/v7e-m+fp/hard/libgcc.a

.debug_info     0x0000000000000000    0x1da90
 .debug_info    0x0000000000000000      0x1e7 ./Core/Src/central_control.o
 .debug_info    0x00000000000001e7     0x30cb ./Core/Src/main.o
 .debug_info    0x00000000000032b2     0x2e4d ./Core/Src/stm32l4xx_hal_msp.o
 .debug_info    0x00000000000060ff      0x91c ./Core/Src/stm32l4xx_it.o
 .debug_info    0x0000000000006a1b      0x5fe ./Core/Src/system_stm32l4xx.o
 .debug_info    0x0000000000007019       0x22 ./Core/Startup/startup_stm32l4r5zitxp.o
 .debug_info    0x000000000000703b      0xb93 ./Drivers/STM32L4xx_HAL_Driver/Src/stm32l4xx_hal.o
 .debug_info    0x0000000000007bce     0x1ed5 ./Drivers/STM32L4xx_HAL_Driver/Src/stm32l4xx_hal_adc.o
 .debug_info    0x0000000000009aa3     0x1037 ./Drivers/STM32L4xx_HAL_Driver/Src/stm32l4xx_hal_can.o
 .debug_info    0x000000000000aada      0xa04 ./Drivers/STM32L4xx_HAL_Driver/Src/stm32l4xx_hal_comp.o
 .debug_info    0x000000000000b4de      0xe39 ./Drivers/STM32L4xx_HAL_Driver/Src/stm32l4xx_hal_cortex.o
 .debug_info    0x000000000000c317      0x859 ./Drivers/STM32L4xx_HAL_Driver/Src/stm32l4xx_hal_gpio.o
 .debug_info    0x000000000000cb70      0x9d0 ./Drivers/STM32L4xx_HAL_Driver/Src/stm32l4xx_hal_pwr.o
 .debug_info    0x000000000000d540      0xa5e ./Drivers/STM32L4xx_HAL_Driver/Src/stm32l4xx_hal_pwr_ex.o
 .debug_info    0x000000000000df9e      0xe19 ./Drivers/STM32L4xx_HAL_Driver/Src/stm32l4xx_hal_rcc.o
 .debug_info    0x000000000000edb7     0x11f3 ./Drivers/STM32L4xx_HAL_Driver/Src/stm32l4xx_hal_rcc_ex.o
 .debug_info    0x000000000000ffaa     0x148a ./Drivers/STM32L4xx_HAL_Driver/Src/stm32l4xx_hal_sai.o
 .debug_info    0x0000000000011434      0xc9d ./Drivers/STM32L4xx_HAL_Driver/Src/stm32l4xx_hal_smbus.o
 .debug_info    0x00000000000120d1     0x189c ./Drivers/STM32L4xx_HAL_Driver/Src/stm32l4xx_hal_spi.o
 .debug_info    0x000000000001396d     0x2e1e ./Drivers/STM32L4xx_HAL_Driver/Src/stm32l4xx_hal_tim.o
 .debug_info    0x000000000001678b     0x1905 ./Drivers/STM32L4xx_HAL_Driver/Src/stm32l4xx_hal_tim_ex.o
 .debug_info    0x0000000000018090     0x4996 ./Drivers/STM32L4xx_HAL_Driver/Src/stm32l4xx_hal_uart.o
 .debug_info    0x000000000001ca26     0x106a ./Drivers/STM32L4xx_HAL_Driver/Src/stm32l4xx_hal_uart_ex.o

.debug_abbrev   0x0000000000000000     0x31cb
 .debug_abbrev  0x0000000000000000       0xb5 ./Core/Src/central_control.o
 .debug_abbrev  0x00000000000000b5      0x339 ./Core/Src/main.o
 .debug_abbrev  0x00000000000003ee      0x26a ./Core/Src/stm32l4xx_hal_msp.o
 .debug_abbrev  0x0000000000000658      0x1c1 ./Core/Src/stm32l4xx_it.o
 .debug_abbrev  0x0000000000000819      0x116 ./Core/Src/system_stm32l4xx.o
 .debug_abbrev  0x000000000000092f       0x12 ./Core/Startup/startup_stm32l4r5zitxp.o
 .debug_abbrev  0x0000000000000941      0x23a ./Drivers/STM32L4xx_HAL_Driver/Src/stm32l4xx_hal.o
 .debug_abbrev  0x0000000000000b7b      0x2b6 ./Drivers/STM32L4xx_HAL_Driver/Src/stm32l4xx_hal_adc.o
 .debug_abbrev  0x0000000000000e31      0x26c ./Drivers/STM32L4xx_HAL_Driver/Src/stm32l4xx_hal_can.o
 .debug_abbrev  0x000000000000109d      0x1c8 ./Drivers/STM32L4xx_HAL_Driver/Src/stm32l4xx_hal_comp.o
 .debug_abbrev  0x0000000000001265      0x316 ./Drivers/STM32L4xx_HAL_Driver/Src/stm32l4xx_hal_cortex.o
 .debug_abbrev  0x000000000000157b      0x1bb ./Drivers/STM32L4xx_HAL_Driver/Src/stm32l4xx_hal_gpio.o
 .debug_abbrev  0x0000000000001736      0x1c9 ./Drivers/STM32L4xx_HAL_Driver/Src/stm32l4xx_hal_pwr.o
 .debug_abbrev  0x00000000000018ff      0x1f3 ./Drivers/STM32L4xx_HAL_Driver/Src/stm32l4xx_hal_pwr_ex.o
 .debug_abbrev  0x0000000000001af2      0x2f9 ./Drivers/STM32L4xx_HAL_Driver/Src/stm32l4xx_hal_rcc.o
 .debug_abbrev  0x0000000000001deb      0x299 ./Drivers/STM32L4xx_HAL_Driver/Src/stm32l4xx_hal_rcc_ex.o
 .debug_abbrev  0x0000000000002084      0x27d ./Drivers/STM32L4xx_HAL_Driver/Src/stm32l4xx_hal_sai.o
 .debug_abbrev  0x0000000000002301      0x1f9 ./Drivers/STM32L4xx_HAL_Driver/Src/stm32l4xx_hal_smbus.o
 .debug_abbrev  0x00000000000024fa      0x254 ./Drivers/STM32L4xx_HAL_Driver/Src/stm32l4xx_hal_spi.o
 .debug_abbrev  0x000000000000274e      0x264 ./Drivers/STM32L4xx_HAL_Driver/Src/stm32l4xx_hal_tim.o
 .debug_abbrev  0x00000000000029b2      0x26c ./Drivers/STM32L4xx_HAL_Driver/Src/stm32l4xx_hal_tim_ex.o
 .debug_abbrev  0x0000000000002c1e      0x2f0 ./Drivers/STM32L4xx_HAL_Driver/Src/stm32l4xx_hal_uart.o
 .debug_abbrev  0x0000000000002f0e      0x2bd ./Drivers/STM32L4xx_HAL_Driver/Src/stm32l4xx_hal_uart_ex.o

.debug_aranges  0x0000000000000000     0x19b0
 .debug_aranges
                0x0000000000000000       0x28 ./Core/Src/central_control.o
 .debug_aranges
                0x0000000000000028       0xd8 ./Core/Src/main.o
 .debug_aranges
                0x0000000000000100       0xb8 ./Core/Src/stm32l4xx_hal_msp.o
 .debug_aranges
                0x00000000000001b8       0x70 ./Core/Src/stm32l4xx_it.o
 .debug_aranges
                0x0000000000000228       0x28 ./Core/Src/system_stm32l4xx.o
 .debug_aranges
                0x0000000000000250       0x28 ./Core/Startup/startup_stm32l4r5zitxp.o
 .debug_aranges
                0x0000000000000278      0x130 ./Drivers/STM32L4xx_HAL_Driver/Src/stm32l4xx_hal.o
 .debug_aranges
                0x00000000000003a8      0x218 ./Drivers/STM32L4xx_HAL_Driver/Src/stm32l4xx_hal_adc.o
 .debug_aranges
                0x00000000000005c0      0x138 ./Drivers/STM32L4xx_HAL_Driver/Src/stm32l4xx_hal_can.o
 .debug_aranges
                0x00000000000006f8       0xc8 ./Drivers/STM32L4xx_HAL_Driver/Src/stm32l4xx_hal_comp.o
 .debug_aranges
                0x00000000000007c0      0x118 ./Drivers/STM32L4xx_HAL_Driver/Src/stm32l4xx_hal_cortex.o
 .debug_aranges
                0x00000000000008d8       0x58 ./Drivers/STM32L4xx_HAL_Driver/Src/stm32l4xx_hal_gpio.o
 .debug_aranges
                0x0000000000000930       0x98 ./Drivers/STM32L4xx_HAL_Driver/Src/stm32l4xx_hal_pwr.o
 .debug_aranges
                0x00000000000009c8      0x170 ./Drivers/STM32L4xx_HAL_Driver/Src/stm32l4xx_hal_pwr_ex.o
 .debug_aranges
                0x0000000000000b38       0x98 ./Drivers/STM32L4xx_HAL_Driver/Src/stm32l4xx_hal_rcc.o
 .debug_aranges
                0x0000000000000bd0      0x110 ./Drivers/STM32L4xx_HAL_Driver/Src/stm32l4xx_hal_rcc_ex.o
 .debug_aranges
                0x0000000000000ce0      0x178 ./Drivers/STM32L4xx_HAL_Driver/Src/stm32l4xx_hal_sai.o
 .debug_aranges
                0x0000000000000e58      0x138 ./Drivers/STM32L4xx_HAL_Driver/Src/stm32l4xx_hal_smbus.o
 .debug_aranges
                0x0000000000000f90      0x1d8 ./Drivers/STM32L4xx_HAL_Driver/Src/stm32l4xx_hal_spi.o
 .debug_aranges
                0x0000000000001168      0x3e0 ./Drivers/STM32L4xx_HAL_Driver/Src/stm32l4xx_hal_tim.o
 .debug_aranges
                0x0000000000001548      0x180 ./Drivers/STM32L4xx_HAL_Driver/Src/stm32l4xx_hal_tim_ex.o
 .debug_aranges
                0x00000000000016c8      0x248 ./Drivers/STM32L4xx_HAL_Driver/Src/stm32l4xx_hal_uart.o
 .debug_aranges
                0x0000000000001910       0xa0 ./Drivers/STM32L4xx_HAL_Driver/Src/stm32l4xx_hal_uart_ex.o

.debug_ranges   0x0000000000000000     0x18a8
 .debug_ranges  0x0000000000000000       0x30 ./Core/Src/central_control.o
 .debug_ranges  0x0000000000000030       0xc8 ./Core/Src/main.o
 .debug_ranges  0x00000000000000f8       0xa8 ./Core/Src/stm32l4xx_hal_msp.o
 .debug_ranges  0x00000000000001a0       0x60 ./Core/Src/stm32l4xx_it.o
 .debug_ranges  0x0000000000000200       0x18 ./Core/Src/system_stm32l4xx.o
 .debug_ranges  0x0000000000000218       0x20 ./Core/Startup/startup_stm32l4r5zitxp.o
 .debug_ranges  0x0000000000000238      0x120 ./Drivers/STM32L4xx_HAL_Driver/Src/stm32l4xx_hal.o
 .debug_ranges  0x0000000000000358      0x208 ./Drivers/STM32L4xx_HAL_Driver/Src/stm32l4xx_hal_adc.o
 .debug_ranges  0x0000000000000560      0x128 ./Drivers/STM32L4xx_HAL_Driver/Src/stm32l4xx_hal_can.o
 .debug_ranges  0x0000000000000688       0xb8 ./Drivers/STM32L4xx_HAL_Driver/Src/stm32l4xx_hal_comp.o
 .debug_ranges  0x0000000000000740      0x108 ./Drivers/STM32L4xx_HAL_Driver/Src/stm32l4xx_hal_cortex.o
 .debug_ranges  0x0000000000000848       0x48 ./Drivers/STM32L4xx_HAL_Driver/Src/stm32l4xx_hal_gpio.o
 .debug_ranges  0x0000000000000890       0x88 ./Drivers/STM32L4xx_HAL_Driver/Src/stm32l4xx_hal_pwr.o
 .debug_ranges  0x0000000000000918      0x160 ./Drivers/STM32L4xx_HAL_Driver/Src/stm32l4xx_hal_pwr_ex.o
 .debug_ranges  0x0000000000000a78       0x88 ./Drivers/STM32L4xx_HAL_Driver/Src/stm32l4xx_hal_rcc.o
 .debug_ranges  0x0000000000000b00      0x100 ./Drivers/STM32L4xx_HAL_Driver/Src/stm32l4xx_hal_rcc_ex.o
 .debug_ranges  0x0000000000000c00      0x180 ./Drivers/STM32L4xx_HAL_Driver/Src/stm32l4xx_hal_sai.o
 .debug_ranges  0x0000000000000d80      0x128 ./Drivers/STM32L4xx_HAL_Driver/Src/stm32l4xx_hal_smbus.o
 .debug_ranges  0x0000000000000ea8      0x1c8 ./Drivers/STM32L4xx_HAL_Driver/Src/stm32l4xx_hal_spi.o
 .debug_ranges  0x0000000000001070      0x3d0 ./Drivers/STM32L4xx_HAL_Driver/Src/stm32l4xx_hal_tim.o
 .debug_ranges  0x0000000000001440      0x170 ./Drivers/STM32L4xx_HAL_Driver/Src/stm32l4xx_hal_tim_ex.o
 .debug_ranges  0x00000000000015b0      0x268 ./Drivers/STM32L4xx_HAL_Driver/Src/stm32l4xx_hal_uart.o
 .debug_ranges  0x0000000000001818       0x90 ./Drivers/STM32L4xx_HAL_Driver/Src/stm32l4xx_hal_uart_ex.o

.debug_macro    0x0000000000000000    0x2df13
 .debug_macro   0x0000000000000000      0x293 ./Core/Src/central_control.o
 .debug_macro   0x0000000000000293      0xa78 ./Core/Src/central_control.o
 .debug_macro   0x0000000000000d0b      0x1d1 ./Core/Src/central_control.o
 .debug_macro   0x0000000000000edc       0x2e ./Core/Src/central_control.o
 .debug_macro   0x0000000000000f0a       0x28 ./Core/Src/central_control.o
 .debug_macro   0x0000000000000f32       0x22 ./Core/Src/central_control.o
 .debug_macro   0x0000000000000f54       0x8e ./Core/Src/central_control.o
 .debug_macro   0x0000000000000fe2       0x51 ./Core/Src/central_control.o
 .debug_macro   0x0000000000001033      0x103 ./Core/Src/central_control.o
 .debug_macro   0x0000000000001136       0x6a ./Core/Src/central_control.o
 .debug_macro   0x00000000000011a0      0x1df ./Core/Src/central_control.o
 .debug_macro   0x000000000000137f       0x1c ./Core/Src/central_control.o
 .debug_macro   0x000000000000139b       0x22 ./Core/Src/central_control.o
 .debug_macro   0x00000000000013bd       0xfb ./Core/Src/central_control.o
 .debug_macro   0x00000000000014b8     0x1011 ./Core/Src/central_control.o
 .debug_macro   0x00000000000024c9      0x11f ./Core/Src/central_control.o
 .debug_macro   0x00000000000025e8    0x1cb71 ./Core/Src/central_control.o
 .debug_macro   0x000000000001f159       0x6d ./Core/Src/central_control.o
 .debug_macro   0x000000000001f1c6     0x38ed ./Core/Src/central_control.o
 .debug_macro   0x0000000000022ab3      0x174 ./Core/Src/central_control.o
 .debug_macro   0x0000000000022c27       0x5c ./Core/Src/central_control.o
 .debug_macro   0x0000000000022c83     0x1884 ./Core/Src/central_control.o
 .debug_macro   0x0000000000024507      0x7dc ./Core/Src/central_control.o
 .debug_macro   0x0000000000024ce3      0x1b9 ./Core/Src/central_control.o
 .debug_macro   0x0000000000024e9c      0x225 ./Core/Src/central_control.o
 .debug_macro   0x00000000000250c1      0x486 ./Core/Src/central_control.o
 .debug_macro   0x0000000000025547      0x1ce ./Core/Src/central_control.o
 .debug_macro   0x0000000000025715       0x43 ./Core/Src/central_control.o
 .debug_macro   0x0000000000025758      0x23d ./Core/Src/central_control.o
 .debug_macro   0x0000000000025995      0xdfb ./Core/Src/central_control.o
 .debug_macro   0x0000000000026790      0x624 ./Core/Src/central_control.o
 .debug_macro   0x0000000000026db4      0x24f ./Core/Src/central_control.o
 .debug_macro   0x0000000000027003      0x408 ./Core/Src/central_control.o
 .debug_macro   0x000000000002740b      0x124 ./Core/Src/central_control.o
 .debug_macro   0x000000000002752f      0x26b ./Core/Src/central_control.o
 .debug_macro   0x000000000002779a      0x241 ./Core/Src/central_control.o
 .debug_macro   0x00000000000279db      0x416 ./Core/Src/central_control.o
 .debug_macro   0x0000000000027df1       0x1c ./Core/Src/central_control.o
 .debug_macro   0x0000000000027e0d       0xf2 ./Core/Src/central_control.o
 .debug_macro   0x0000000000027eff      0x22c ./Core/Src/central_control.o
 .debug_macro   0x000000000002812b       0x61 ./Core/Src/central_control.o
 .debug_macro   0x000000000002818c       0xa5 ./Core/Src/central_control.o
 .debug_macro   0x0000000000028231      0x122 ./Core/Src/central_control.o
 .debug_macro   0x0000000000028353      0x3f6 ./Core/Src/central_control.o
 .debug_macro   0x0000000000028749      0x39f ./Core/Src/central_control.o
 .debug_macro   0x0000000000028ae8       0x10 ./Core/Src/central_control.o
 .debug_macro   0x0000000000028af8       0xdd ./Core/Src/central_control.o
 .debug_macro   0x0000000000028bd5      0x35a ./Core/Src/central_control.o
 .debug_macro   0x0000000000028f2f       0x46 ./Core/Src/central_control.o
 .debug_macro   0x0000000000028f75      0x2fe ./Core/Src/central_control.o
 .debug_macro   0x0000000000029273      0xa91 ./Core/Src/central_control.o
 .debug_macro   0x0000000000029d04      0x196 ./Core/Src/central_control.o
 .debug_macro   0x0000000000029e9a      0x67e ./Core/Src/central_control.o
 .debug_macro   0x000000000002a518       0xa6 ./Core/Src/central_control.o
 .debug_macro   0x000000000002a5be      0x432 ./Core/Src/central_control.o
 .debug_macro   0x000000000002a9f0      0x279 ./Core/Src/main.o
 .debug_macro   0x000000000002ac69      0x279 ./Core/Src/stm32l4xx_hal_msp.o
 .debug_macro   0x000000000002aee2      0x283 ./Core/Src/stm32l4xx_it.o
 .debug_macro   0x000000000002b165      0x26f ./Core/Src/system_stm32l4xx.o
 .debug_macro   0x000000000002b3d4      0x2bd ./Drivers/STM32L4xx_HAL_Driver/Src/stm32l4xx_hal.o
 .debug_macro   0x000000000002b691      0x28c ./Drivers/STM32L4xx_HAL_Driver/Src/stm32l4xx_hal_adc.o
 .debug_macro   0x000000000002b91d      0x277 ./Drivers/STM32L4xx_HAL_Driver/Src/stm32l4xx_hal_can.o
 .debug_macro   0x000000000002bb94      0x285 ./Drivers/STM32L4xx_HAL_Driver/Src/stm32l4xx_hal_comp.o
 .debug_macro   0x000000000002be19      0x26f ./Drivers/STM32L4xx_HAL_Driver/Src/stm32l4xx_hal_cortex.o
 .debug_macro   0x000000000002c088      0x276 ./Drivers/STM32L4xx_HAL_Driver/Src/stm32l4xx_hal_gpio.o
 .debug_macro   0x000000000002c2fe      0x287 ./Drivers/STM32L4xx_HAL_Driver/Src/stm32l4xx_hal_pwr.o
 .debug_macro   0x000000000002c585      0x299 ./Drivers/STM32L4xx_HAL_Driver/Src/stm32l4xx_hal_pwr_ex.o
 .debug_macro   0x000000000002c81e      0x2b1 ./Drivers/STM32L4xx_HAL_Driver/Src/stm32l4xx_hal_rcc.o
 .debug_macro   0x000000000002cacf      0x2a5 ./Drivers/STM32L4xx_HAL_Driver/Src/stm32l4xx_hal_rcc_ex.o
 .debug_macro   0x000000000002cd74      0x27e ./Drivers/STM32L4xx_HAL_Driver/Src/stm32l4xx_hal_sai.o
 .debug_macro   0x000000000002cff2      0x2b6 ./Drivers/STM32L4xx_HAL_Driver/Src/stm32l4xx_hal_smbus.o
 .debug_macro   0x000000000002d2a8      0x277 ./Drivers/STM32L4xx_HAL_Driver/Src/stm32l4xx_hal_spi.o
 .debug_macro   0x000000000002d51f      0x270 ./Drivers/STM32L4xx_HAL_Driver/Src/stm32l4xx_hal_tim.o
 .debug_macro   0x000000000002d78f      0x26f ./Drivers/STM32L4xx_HAL_Driver/Src/stm32l4xx_hal_tim_ex.o
 .debug_macro   0x000000000002d9fe      0x29a ./Drivers/STM32L4xx_HAL_Driver/Src/stm32l4xx_hal_uart.o
 .debug_macro   0x000000000002dc98      0x27b ./Drivers/STM32L4xx_HAL_Driver/Src/stm32l4xx_hal_uart_ex.o

.debug_line     0x0000000000000000    0x1dd34
 .debug_line    0x0000000000000000      0x95a ./Core/Src/central_control.o
 .debug_line    0x000000000000095a     0x10a4 ./Core/Src/main.o
 .debug_line    0x00000000000019fe      0xe14 ./Core/Src/stm32l4xx_hal_msp.o
 .debug_line    0x0000000000002812      0x949 ./Core/Src/stm32l4xx_it.o
 .debug_line    0x000000000000315b      0x8bf ./Core/Src/system_stm32l4xx.o
 .debug_line    0x0000000000003a1a       0x89 ./Core/Startup/startup_stm32l4r5zitxp.o
 .debug_line    0x0000000000003aa3      0xc17 ./Drivers/STM32L4xx_HAL_Driver/Src/stm32l4xx_hal.o
 .debug_line    0x00000000000046ba     0x1d3d ./Drivers/STM32L4xx_HAL_Driver/Src/stm32l4xx_hal_adc.o
 .debug_line    0x00000000000063f7     0x1273 ./Drivers/STM32L4xx_HAL_Driver/Src/stm32l4xx_hal_can.o
 .debug_line    0x000000000000766a      0xc0d ./Drivers/STM32L4xx_HAL_Driver/Src/stm32l4xx_hal_comp.o
 .debug_line    0x0000000000008277      0xdbe ./Drivers/STM32L4xx_HAL_Driver/Src/stm32l4xx_hal_cortex.o
 .debug_line    0x0000000000009035      0xc73 ./Drivers/STM32L4xx_HAL_Driver/Src/stm32l4xx_hal_gpio.o
 .debug_line    0x0000000000009ca8      0x9f4 ./Drivers/STM32L4xx_HAL_Driver/Src/stm32l4xx_hal_pwr.o
 .debug_line    0x000000000000a69c      0xe84 ./Drivers/STM32L4xx_HAL_Driver/Src/stm32l4xx_hal_pwr_ex.o
 .debug_line    0x000000000000b520     0x116b ./Drivers/STM32L4xx_HAL_Driver/Src/stm32l4xx_hal_rcc.o
 .debug_line    0x000000000000c68b     0x1a3f ./Drivers/STM32L4xx_HAL_Driver/Src/stm32l4xx_hal_rcc_ex.o
 .debug_line    0x000000000000e0ca     0x1ce0 ./Drivers/STM32L4xx_HAL_Driver/Src/stm32l4xx_hal_sai.o
 .debug_line    0x000000000000fdaa     0x185b ./Drivers/STM32L4xx_HAL_Driver/Src/stm32l4xx_hal_smbus.o
 .debug_line    0x0000000000011605     0x2051 ./Drivers/STM32L4xx_HAL_Driver/Src/stm32l4xx_hal_spi.o
 .debug_line    0x0000000000013656     0x3e84 ./Drivers/STM32L4xx_HAL_Driver/Src/stm32l4xx_hal_tim.o
 .debug_line    0x00000000000174da     0x1d1d ./Drivers/STM32L4xx_HAL_Driver/Src/stm32l4xx_hal_tim_ex.o
 .debug_line    0x00000000000191f7     0x3c8a ./Drivers/STM32L4xx_HAL_Driver/Src/stm32l4xx_hal_uart.o
 .debug_line    0x000000000001ce81      0xeb3 ./Drivers/STM32L4xx_HAL_Driver/Src/stm32l4xx_hal_uart_ex.o

.debug_str      0x0000000000000000   0x1234b5
 .debug_str     0x0000000000000000   0x11b478 ./Core/Src/central_control.o
                                     0x11b934 (size before relaxing)
 .debug_str     0x000000000011b478     0x1e90 ./Core/Src/main.o
                                     0x11d97e (size before relaxing)
 .debug_str     0x000000000011d308      0x676 ./Core/Src/stm32l4xx_hal_msp.o
                                     0x11d7ce (size before relaxing)
 .debug_str     0x000000000011d97e      0x108 ./Core/Src/stm32l4xx_it.o
                                     0x11bf47 (size before relaxing)
 .debug_str     0x000000000011da86       0xf2 ./Core/Src/system_stm32l4xx.o
                                     0x11ba59 (size before relaxing)
 .debug_str     0x000000000011db78       0x37 ./Core/Startup/startup_stm32l4r5zitxp.o
                                         0x80 (size before relaxing)
 .debug_str     0x000000000011dbaf      0x640 ./Drivers/STM32L4xx_HAL_Driver/Src/stm32l4xx_hal.o
                                     0x11c629 (size before relaxing)
 .debug_str     0x000000000011e1ef      0xa65 ./Drivers/STM32L4xx_HAL_Driver/Src/stm32l4xx_hal_adc.o
                                     0x11c97b (size before relaxing)
 .debug_str     0x000000000011ec54      0x552 ./Drivers/STM32L4xx_HAL_Driver/Src/stm32l4xx_hal_can.o
                                     0x11c0c8 (size before relaxing)
 .debug_str     0x000000000011f1a6      0x2d1 ./Drivers/STM32L4xx_HAL_Driver/Src/stm32l4xx_hal_comp.o
                                     0x11be63 (size before relaxing)
 .debug_str     0x000000000011f477      0x31d ./Drivers/STM32L4xx_HAL_Driver/Src/stm32l4xx_hal_cortex.o
                                     0x11c2b8 (size before relaxing)
 .debug_str     0x000000000011f794       0xdc ./Drivers/STM32L4xx_HAL_Driver/Src/stm32l4xx_hal_gpio.o
                                     0x11bbd3 (size before relaxing)
 .debug_str     0x000000000011f870      0x34d ./Drivers/STM32L4xx_HAL_Driver/Src/stm32l4xx_hal_pwr.o
                                     0x11bdd0 (size before relaxing)
 .debug_str     0x000000000011fbbd      0x461 ./Drivers/STM32L4xx_HAL_Driver/Src/stm32l4xx_hal_pwr_ex.o
                                     0x11c02c (size before relaxing)
 .debug_str     0x000000000012001e      0x3cc ./Drivers/STM32L4xx_HAL_Driver/Src/stm32l4xx_hal_rcc.o
                                     0x11c0cc (size before relaxing)
 .debug_str     0x00000000001203ea      0x577 ./Drivers/STM32L4xx_HAL_Driver/Src/stm32l4xx_hal_rcc_ex.o
                                     0x11c48d (size before relaxing)
 .debug_str     0x0000000000120961      0x422 ./Drivers/STM32L4xx_HAL_Driver/Src/stm32l4xx_hal_sai.o
                                     0x11c335 (size before relaxing)
 .debug_str     0x0000000000120d83      0x481 ./Drivers/STM32L4xx_HAL_Driver/Src/stm32l4xx_hal_smbus.o
                                     0x11bf81 (size before relaxing)
 .debug_str     0x0000000000121204      0x56d ./Drivers/STM32L4xx_HAL_Driver/Src/stm32l4xx_hal_spi.o
                                     0x11c356 (size before relaxing)
 .debug_str     0x0000000000121771      0xcf3 ./Drivers/STM32L4xx_HAL_Driver/Src/stm32l4xx_hal_tim.o
                                     0x11ce65 (size before relaxing)
 .debug_str     0x0000000000122464      0x45a ./Drivers/STM32L4xx_HAL_Driver/Src/stm32l4xx_hal_tim_ex.o
                                     0x11c789 (size before relaxing)
 .debug_str     0x00000000001228be      0x9ad ./Drivers/STM32L4xx_HAL_Driver/Src/stm32l4xx_hal_uart.o
                                     0x11c9d5 (size before relaxing)
 .debug_str     0x000000000012326b      0x24a ./Drivers/STM32L4xx_HAL_Driver/Src/stm32l4xx_hal_uart_ex.o
                                     0x11c1cb (size before relaxing)

.comment        0x0000000000000000       0x50
 .comment       0x0000000000000000       0x50 ./Core/Src/central_control.o
                                         0x51 (size before relaxing)
 .comment       0x0000000000000050       0x51 ./Core/Src/main.o
 .comment       0x0000000000000050       0x51 ./Core/Src/stm32l4xx_hal_msp.o
 .comment       0x0000000000000050       0x51 ./Core/Src/stm32l4xx_it.o
 .comment       0x0000000000000050       0x51 ./Core/Src/system_stm32l4xx.o
 .comment       0x0000000000000050       0x51 ./Drivers/STM32L4xx_HAL_Driver/Src/stm32l4xx_hal.o
 .comment       0x0000000000000050       0x51 ./Drivers/STM32L4xx_HAL_Driver/Src/stm32l4xx_hal_adc.o
 .comment       0x0000000000000050       0x51 ./Drivers/STM32L4xx_HAL_Driver/Src/stm32l4xx_hal_can.o
 .comment       0x0000000000000050       0x51 ./Drivers/STM32L4xx_HAL_Driver/Src/stm32l4xx_hal_comp.o
 .comment       0x0000000000000050       0x51 ./Drivers/STM32L4xx_HAL_Driver/Src/stm32l4xx_hal_cortex.o
 .comment       0x0000000000000050       0x51 ./Drivers/STM32L4xx_HAL_Driver/Src/stm32l4xx_hal_gpio.o
 .comment       0x0000000000000050       0x51 ./Drivers/STM32L4xx_HAL_Driver/Src/stm32l4xx_hal_pwr.o
 .comment       0x0000000000000050       0x51 ./Drivers/STM32L4xx_HAL_Driver/Src/stm32l4xx_hal_pwr_ex.o
 .comment       0x0000000000000050       0x51 ./Drivers/STM32L4xx_HAL_Driver/Src/stm32l4xx_hal_rcc.o
 .comment       0x0000000000000050       0x51 ./Drivers/STM32L4xx_HAL_Driver/Src/stm32l4xx_hal_rcc_ex.o
 .comment       0x0000000000000050       0x51 ./Drivers/STM32L4xx_HAL_Driver/Src/stm32l4xx_hal_sai.o
 .comment       0x0000000000000050       0x51 ./Drivers/STM32L4xx_HAL_Driver/Src/stm32l4xx_hal_smbus.o
 .comment       0x0000000000000050       0x51 ./Drivers/STM32L4xx_HAL_Driver/Src/stm32l4xx_hal_spi.o
 .comment       0x0000000000000050       0x51 ./Drivers/STM32L4xx_HAL_Driver/Src/stm32l4xx_hal_tim.o
 .comment       0x0000000000000050       0x51 ./Drivers/STM32L4xx_HAL_Driver/Src/stm32l4xx_hal_tim_ex.o
 .comment       0x0000000000000050       0x51 ./Drivers/STM32L4xx_HAL_Driver/Src/stm32l4xx_hal_uart.o
 .comment       0x0000000000000050       0x51 ./Drivers/STM32L4xx_HAL_Driver/Src/stm32l4xx_hal_uart_ex.o

.debug_frame    0x0000000000000000     0x6f08
 .debug_frame   0x0000000000000000       0x58 ./Core/Src/central_control.o
 .debug_frame   0x0000000000000058      0x2f8 ./Core/Src/main.o
 .debug_frame   0x0000000000000350      0x2ec ./Core/Src/stm32l4xx_hal_msp.o
 .debug_frame   0x000000000000063c      0x144 ./Core/Src/stm32l4xx_it.o
 .debug_frame   0x0000000000000780       0x58 ./Core/Src/system_stm32l4xx.o
 .debug_frame   0x00000000000007d8      0x498 ./Drivers/STM32L4xx_HAL_Driver/Src/stm32l4xx_hal.o
 .debug_frame   0x0000000000000c70      0x9d8 ./Drivers/STM32L4xx_HAL_Driver/Src/stm32l4xx_hal_adc.o
 .debug_frame   0x0000000000001648      0x5a0 ./Drivers/STM32L4xx_HAL_Driver/Src/stm32l4xx_hal_can.o
 .debug_frame   0x0000000000001be8      0x374 ./Drivers/STM32L4xx_HAL_Driver/Src/stm32l4xx_hal_comp.o
 .debug_frame   0x0000000000001f5c      0x498 ./Drivers/STM32L4xx_HAL_Driver/Src/stm32l4xx_hal_cortex.o
 .debug_frame   0x00000000000023f4      0x14c ./Drivers/STM32L4xx_HAL_Driver/Src/stm32l4xx_hal_gpio.o
 .debug_frame   0x0000000000002540      0x230 ./Drivers/STM32L4xx_HAL_Driver/Src/stm32l4xx_hal_pwr.o
 .debug_frame   0x0000000000002770      0x5c4 ./Drivers/STM32L4xx_HAL_Driver/Src/stm32l4xx_hal_pwr_ex.o
 .debug_frame   0x0000000000002d34      0x248 ./Drivers/STM32L4xx_HAL_Driver/Src/stm32l4xx_hal_rcc.o
 .debug_frame   0x0000000000002f7c      0x464 ./Drivers/STM32L4xx_HAL_Driver/Src/stm32l4xx_hal_rcc_ex.o
 .debug_frame   0x00000000000033e0      0x69c ./Drivers/STM32L4xx_HAL_Driver/Src/stm32l4xx_hal_sai.o
 .debug_frame   0x0000000000003a7c      0x584 ./Drivers/STM32L4xx_HAL_Driver/Src/stm32l4xx_hal_smbus.o
 .debug_frame   0x0000000000004000      0x860 ./Drivers/STM32L4xx_HAL_Driver/Src/stm32l4xx_hal_spi.o
 .debug_frame   0x0000000000004860     0x121c ./Drivers/STM32L4xx_HAL_Driver/Src/stm32l4xx_hal_tim.o
 .debug_frame   0x0000000000005a7c      0x6b0 ./Drivers/STM32L4xx_HAL_Driver/Src/stm32l4xx_hal_tim_ex.o
 .debug_frame   0x000000000000612c      0xa94 ./Drivers/STM32L4xx_HAL_Driver/Src/stm32l4xx_hal_uart.o
 .debug_frame   0x0000000000006bc0      0x29c ./Drivers/STM32L4xx_HAL_Driver/Src/stm32l4xx_hal_uart_ex.o
 .debug_frame   0x0000000000006e5c       0x2c /home/eric/st/stm32cubeide_1.11.0/plugins/com.st.stm32cube.ide.mcu.externaltools.gnu-tools-for-stm32.10.3-2021.10.linux64_1.0.100.202210260954/tools/bin/../lib/gcc/arm-none-eabi/10.3.1/../../../../arm-none-eabi/lib/thumb/v7e-m+fp/hard/libc_nano.a(lib_a-init.o)
 .debug_frame   0x0000000000006e88       0x20 /home/eric/st/stm32cubeide_1.11.0/plugins/com.st.stm32cube.ide.mcu.externaltools.gnu-tools-for-stm32.10.3-2021.10.linux64_1.0.100.202210260954/tools/bin/../lib/gcc/arm-none-eabi/10.3.1/../../../../arm-none-eabi/lib/thumb/v7e-m+fp/hard/libc_nano.a(lib_a-memset.o)
 .debug_frame   0x0000000000006ea8       0x2c /home/eric/st/stm32cubeide_1.11.0/plugins/com.st.stm32cube.ide.mcu.externaltools.gnu-tools-for-stm32.10.3-2021.10.linux64_1.0.100.202210260954/tools/bin/../lib/gcc/arm-none-eabi/10.3.1/thumb/v7e-m+fp/hard/libgcc.a(_aeabi_uldivmod.o)
 .debug_frame   0x0000000000006ed4       0x34 /home/eric/st/stm32cubeide_1.11.0/plugins/com.st.stm32cube.ide.mcu.externaltools.gnu-tools-for-stm32.10.3-2021.10.linux64_1.0.100.202210260954/tools/bin/../lib/gcc/arm-none-eabi/10.3.1/thumb/v7e-m+fp/hard/libgcc.a(_udivmoddi4.o)
