../Core/Src/main.c:109:5:main	8	static
../Core/Src/main.c:227:6:SystemClock_Config	96	static
../Core/Src/main.c:287:6:PeriphCommonClock_Config	160	static
../Core/Src/main.c:318:13:MX_ADC1_Init	32	static
../Core/Src/main.c:376:13:MX_CAN1_Init	8	static
../Core/Src/main.c:413:13:MX_COMP1_Init	8	static
../Core/Src/main.c:447:13:MX_COMP2_Init	8	static
../Core/Src/main.c:481:13:MX_I2C1_SMBUS_Init	8	static
../Core/Src/main.c:519:13:MX_I2C2_SMBUS_Init	8	static
../Core/Src/main.c:564:13:MX_LPUART1_UART_Init	8	static
../Core/Src/main.c:612:13:MX_USART2_UART_Init	8	static
../Core/Src/main.c:660:13:MX_USART3_UART_Init	8	static
../Core/Src/main.c:708:13:MX_SAI1_Init	8	static
../Core/Src/main.c:776:13:MX_SAI2_Init	8	static
../Core/Src/main.c:829:13:MX_SPI1_Init	8	static
../Core/Src/main.c:869:13:MX_SPI3_Init	8	static
../Core/Src/main.c:909:13:MX_TIM1_Init	120	static
../Core/Src/main.c:1008:13:MX_TIM2_Init	64	static
../Core/Src/main.c:1071:13:MX_TIM3_Init	56	static
../Core/Src/main.c:1129:13:MX_TIM4_Init	64	static
../Core/Src/main.c:1192:13:MX_TIM15_Init	96	static
../Core/Src/main.c:1257:13:MX_USB_OTG_FS_USB_Init	4	static
../Core/Src/main.c:1278:13:MX_GPIO_Init	64	static
../Core/Src/main.c:1345:6:Error_Handler	4	static,ignoring_inline_asm
