../Core/Src/main.c:99:6:delay_loop	24	static
../Core/Src/main.c:111:5:main	8	static
../Core/Src/main.c:190:6:SystemClock_Config	96	static
../Core/Src/main.c:250:6:PeriphCommonClock_Config	160	static
../Core/Src/main.c:280:13:MX_ADC1_Init	32	static
../Core/Src/main.c:338:13:MX_CAN1_Init	8	static
../Core/Src/main.c:375:13:MX_I2C1_SMBUS_Init	8	static
../Core/Src/main.c:413:13:MX_I2C2_SMBUS_Init	8	static
../Core/Src/main.c:458:13:MX_LPUART1_UART_Init	8	static
../Core/Src/main.c:506:13:MX_USART2_UART_Init	8	static
../Core/Src/main.c:554:13:MX_USART3_UART_Init	8	static
../Core/Src/main.c:602:13:MX_SAI2_Init	8	static
../Core/Src/main.c:655:13:MX_SPI1_Init	8	static
../Core/Src/main.c:695:13:MX_SPI3_Init	8	static
../Core/Src/main.c:735:13:MX_TIM1_Init	56	static
../Core/Src/main.c:795:13:MX_TIM2_Init	64	static
../Core/Src/main.c:854:13:MX_TIM3_Init	56	static
../Core/Src/main.c:912:13:MX_TIM4_Init	64	static
../Core/Src/main.c:979:13:MX_TIM5_Init	40	static
../Core/Src/main.c:1024:13:MX_TIM15_Init	96	static
../Core/Src/main.c:1089:13:MX_USB_OTG_FS_USB_Init	4	static
../Core/Src/main.c:1110:13:MX_GPIO_Init	64	static
../Core/Src/main.c:1244:1:__io_putchar	16	static
../Core/Src/main.c:1257:6:Error_Handler	4	static,ignoring_inline_asm
