../Core/Src/main.c:103:6:delay_loop	24	static
../Core/Src/main.c:115:5:main	8	static
../Core/Src/main.c:237:6:SystemClock_Config	96	static
../Core/Src/main.c:297:6:PeriphCommonClock_Config	160	static
../Core/Src/main.c:328:13:MX_ADC1_Init	32	static
../Core/Src/main.c:386:13:MX_CAN1_Init	8	static
../Core/Src/main.c:423:13:MX_COMP1_Init	8	static
../Core/Src/main.c:457:13:MX_COMP2_Init	8	static
../Core/Src/main.c:491:13:MX_I2C1_SMBUS_Init	8	static
../Core/Src/main.c:529:13:MX_I2C2_SMBUS_Init	8	static
../Core/Src/main.c:574:13:MX_LPUART1_UART_Init	8	static
../Core/Src/main.c:622:13:MX_USART2_UART_Init	8	static
../Core/Src/main.c:670:13:MX_USART3_UART_Init	8	static
../Core/Src/main.c:718:13:MX_SAI1_Init	8	static
../Core/Src/main.c:786:13:MX_SAI2_Init	8	static
../Core/Src/main.c:839:13:MX_SPI1_Init	8	static
../Core/Src/main.c:879:13:MX_SPI3_Init	8	static
../Core/Src/main.c:919:13:MX_TIM1_Init	120	static
../Core/Src/main.c:1018:13:MX_TIM2_Init	64	static
../Core/Src/main.c:1081:13:MX_TIM3_Init	56	static
../Core/Src/main.c:1139:13:MX_TIM4_Init	64	static
../Core/Src/main.c:1206:13:MX_TIM15_Init	96	static
../Core/Src/main.c:1271:13:MX_USB_OTG_FS_USB_Init	4	static
../Core/Src/main.c:1292:13:MX_GPIO_Init	64	static
../Core/Src/main.c:1362:6:Error_Handler	4	static,ignoring_inline_asm
